172.18.0.1 - - [02/Dec/2019:13:08:42 +0000] "GET /debug/default/index HTTP/1.1" 200 27930 "http://localhost/debug/default/view?panel=log&tag=5de50b6904b0d" "Mozilla/5.0 (Macintosh; Intel Mac OS X 10.15; rv:70.0) Gecko/20100101 Firefox/70.0"
172.18.0.1 - - [02/Dec/2019:13:08:47 +0000] "GET /debug/default/view?tag=5de50cbfd3019 HTTP/1.1" 200 20733 "http://localhost/debug/default/index" "Mozilla/5.0 (Macintosh; Intel Mac OS X 10.15; rv:70.0) Gecko/20100101 Firefox/70.0"
172.18.0.4 - - [02/Dec/2019:13:09:01 +0000] "POST /verify/queue HTTP/1.1" 200 5 "-" "curl --insecure /7.61.1"
172.18.0.4 - - [02/Dec/2019:13:09:01 +0000] "POST /verify/active HTTP/1.1" 200 11 "-" "curl --insecure /7.61.1"
172.18.0.1 - - [02/Dec/2019:13:09:37 +0000] "POST /scan/nmap HTTP/1.1" 500 67290 "-" "curl --insecure /7.64.1"
172.18.0.4 - - [02/Dec/2019:13:10:02 +0000] "POST /verify/queue HTTP/1.1" 200 5 "-" "curl --insecure /7.61.1"
172.18.0.4 - - [02/Dec/2019:13:10:02 +0000] "POST /passive/index HTTP/1.1" 200 11 "-" "curl --insecure /7.61.1"
172.18.0.4 - - [02/Dec/2019:13:10:02 +0000] "POST /verify/active HTTP/1.1" 200 11 "-" "curl --insecure /7.61.1"
172.18.0.1 - - [02/Dec/2019:13:10:27 +0000] "POST /scan/nmap HTTP/1.1" 200 11 "-" "curl --insecure /7.64.1"
172.18.0.4 - - [02/Dec/2019:13:11:01 +0000] "POST /verify/queue HTTP/1.1" 200 5 "-" "curl --insecure /7.61.1"
172.18.0.4 - - [02/Dec/2019:13:11:01 +0000] "POST /verify/active HTTP/1.1" 200 11 "-" "curl --insecure /7.61.1"
172.18.0.1 - - [02/Dec/2019:13:11:02 +0000] "POST /scan/nmap HTTP/1.1" 200 1183 "-" "curl --insecure /7.64.1"
172.18.0.1 - - [02/Dec/2019:13:11:36 +0000] "POST /scan/nmap HTTP/1.1" 200 1181 "-" "curl --insecure /7.64.1"
172.18.0.4 - - [02/Dec/2019:13:12:02 +0000] "POST /verify/queue HTTP/1.1" 200 5 "-" "curl --insecure /7.61.1"
172.18.0.4 - - [02/Dec/2019:13:12:02 +0000] "POST /verify/active HTTP/1.1" 200 11 "-" "curl --insecure /7.61.1"
172.18.0.4 - - [02/Dec/2019:13:13:01 +0000] "POST /verify/queue HTTP/1.1" 200 5 "-" "curl --insecure /7.61.1"
172.18.0.4 - - [02/Dec/2019:13:13:01 +0000] "POST /verify/active HTTP/1.1" 200 11 "-" "curl --insecure /7.61.1"
172.18.0.1 - - [02/Dec/2019:13:13:43 +0000] "POST /scan/nmap HTTP/1.1" 200 11 "-" "curl --insecure /7.64.1"
172.18.0.1 - - [02/Dec/2019:13:13:59 +0000] "POST /scan/nmap HTTP/1.1" 200 11 "-" "curl --insecure /7.64.1"
172.18.0.4 - - [02/Dec/2019:13:14:01 +0000] "POST /verify/queue HTTP/1.1" 200 5 "-" "curl --insecure /7.61.1"
172.18.0.4 - - [02/Dec/2019:13:14:01 +0000] "POST /verify/active HTTP/1.1" 200 11 "-" "curl --insecure /7.61.1"
172.18.0.1 - - [02/Dec/2019:13:14:18 +0000] "POST /scan/nmap HTTP/1.1" 200 11 "-" "curl --insecure /7.64.1"
172.18.0.4 - - [02/Dec/2019:13:15:02 +0000] "POST /verify/queue HTTP/1.1" 200 5 "-" "curl --insecure /7.61.1"
172.18.0.4 - - [02/Dec/2019:13:15:02 +0000] "POST /verify/active HTTP/1.1" 200 11 "-" "curl --insecure /7.61.1"
172.18.0.1 - - [02/Dec/2019:13:16:15 +0000] "POST /scan/nmap HTTP/1.1" 200 11 "-" "curl --insecure /7.64.1"
172.18.0.4 - - [02/Dec/2019:13:17:02 +0000] "POST /verify/queue HTTP/1.1" 200 5 "-" "curl --insecure /7.61.1"
172.18.0.4 - - [02/Dec/2019:13:17:02 +0000] "POST /verify/active HTTP/1.1" 200 11 "-" "curl --insecure /7.61.1"
172.18.0.1 - - [02/Dec/2019:13:17:39 +0000] "POST /scan/nmap HTTP/1.1" 200 11 "-" "curl --insecure /7.64.1"
172.18.0.4 - - [02/Dec/2019:13:18:01 +0000] "POST /verify/active HTTP/1.1" 200 11 "-" "curl --insecure /7.61.1"
172.18.0.4 - - [02/Dec/2019:13:18:01 +0000] "POST /verify/queue HTTP/1.1" 200 5 "-" "curl --insecure /7.61.1"
172.18.0.1 - - [02/Dec/2019:13:19:52 +0000] "POST /scan/nmap HTTP/1.1" 200 11 "-" "curl --insecure /7.64.1"
172.18.0.2 - - [02/Dec/2019:13:20:01 +0000] "POST /verify/queue HTTP/1.1" 200 5 "-" "curl --insecure /7.61.1"
172.18.0.2 - - [02/Dec/2019:13:20:01 +0000] "POST /passive/index HTTP/1.1" 200 11 "-" "curl --insecure /7.61.1"
172.18.0.2 - - [02/Dec/2019:13:20:01 +0000] "POST /verify/active HTTP/1.1" 200 11 "-" "curl --insecure /7.61.1"
172.18.0.2 - - [02/Dec/2019:13:21:01 +0000] "POST /verify/queue HTTP/1.1" 200 5 "-" "curl --insecure /7.61.1"
172.18.0.2 - - [02/Dec/2019:13:21:01 +0000] "POST /verify/active HTTP/1.1" 200 11 "-" "curl --insecure /7.61.1"
172.18.0.2 - - [02/Dec/2019:13:22:01 +0000] "POST /verify/queue HTTP/1.1" 200 5 "-" "curl --insecure /7.61.1"
172.18.0.2 - - [02/Dec/2019:13:22:01 +0000] "POST /verify/active HTTP/1.1" 200 11 "-" "curl --insecure /7.61.1"
172.18.0.3 - - [02/Dec/2019:13:24:01 +0000] "POST /verify/queue HTTP/1.1" 200 5 "-" "curl --insecure /7.61.1"
172.18.0.3 - - [02/Dec/2019:13:24:01 +0000] "POST /verify/active HTTP/1.1" 200 11 "-" "curl --insecure /7.61.1"
172.18.0.1 - - [02/Dec/2019:13:24:23 +0000] "POST /scan/nmap HTTP/1.1" 200 0 "-" "curl --insecure /7.64.1"
172.18.0.3 - - [02/Dec/2019:13:25:01 +0000] "POST /verify/queue HTTP/1.1" 200 5 "-" "curl --insecure /7.61.1"
172.18.0.3 - - [02/Dec/2019:13:25:01 +0000] "POST /verify/active HTTP/1.1" 200 11 "-" "curl --insecure /7.61.1"
172.18.0.3 - - [02/Dec/2019:13:26:01 +0000] "POST /verify/queue HTTP/1.1" 200 5 "-" "curl --insecure /7.61.1"
172.18.0.3 - - [02/Dec/2019:13:26:02 +0000] "POST /verify/active HTTP/1.1" 200 11 "-" "curl --insecure /7.61.1"
172.18.0.3 - - [02/Dec/2019:13:27:01 +0000] "POST /verify/queue HTTP/1.1" 200 5 "-" "curl --insecure /7.61.1"
172.18.0.3 - - [02/Dec/2019:13:27:01 +0000] "POST /verify/active HTTP/1.1" 200 11 "-" "curl --insecure /7.61.1"
172.18.0.3 - - [02/Dec/2019:13:28:01 +0000] "POST /verify/queue HTTP/1.1" 200 5 "-" "curl --insecure /7.61.1"
172.18.0.3 - - [02/Dec/2019:13:28:01 +0000] "POST /verify/active HTTP/1.1" 200 11 "-" "curl --insecure /7.61.1"
172.18.0.3 - - [02/Dec/2019:13:29:01 +0000] "POST /verify/queue HTTP/1.1" 200 5 "-" "curl --insecure /7.61.1"
172.18.0.3 - - [02/Dec/2019:13:29:01 +0000] "POST /verify/active HTTP/1.1" 200 11 "-" "curl --insecure /7.61.1"
172.18.0.3 - - [02/Dec/2019:13:30:01 +0000] "POST /passive/index HTTP/1.1" 200 11 "-" "curl --insecure /7.61.1"
172.18.0.3 - - [02/Dec/2019:13:30:01 +0000] "POST /verify/queue HTTP/1.1" 200 5 "-" "curl --insecure /7.61.1"
172.18.0.3 - - [02/Dec/2019:13:30:01 +0000] "POST /verify/active HTTP/1.1" 200 11 "-" "curl --insecure /7.61.1"
172.18.0.3 - - [02/Dec/2019:13:31:02 +0000] "POST /verify/queue HTTP/1.1" 200 5 "-" "curl --insecure /7.61.1"
172.18.0.3 - - [02/Dec/2019:13:31:02 +0000] "POST /verify/active HTTP/1.1" 200 11 "-" "curl --insecure /7.61.1"
172.18.0.3 - - [02/Dec/2019:13:32:01 +0000] "POST /verify/queue HTTP/1.1" 200 5 "-" "curl --insecure /7.61.1"
172.18.0.3 - - [02/Dec/2019:13:32:01 +0000] "POST /verify/active HTTP/1.1" 200 11 "-" "curl --insecure /7.61.1"
172.18.0.3 - - [02/Dec/2019:13:33:01 +0000] "POST /verify/queue HTTP/1.1" 200 5 "-" "curl --insecure /7.61.1"
172.18.0.3 - - [02/Dec/2019:13:33:01 +0000] "POST /verify/active HTTP/1.1" 200 11 "-" "curl --insecure /7.61.1"
172.18.0.3 - - [02/Dec/2019:13:34:01 +0000] "POST /verify/queue HTTP/1.1" 200 5 "-" "curl --insecure /7.61.1"
172.18.0.3 - - [02/Dec/2019:13:34:01 +0000] "POST /verify/active HTTP/1.1" 200 11 "-" "curl --insecure /7.61.1"
172.18.0.3 - - [02/Dec/2019:13:35:02 +0000] "POST /verify/queue HTTP/1.1" 200 5 "-" "curl --insecure /7.61.1"
172.18.0.3 - - [02/Dec/2019:13:35:02 +0000] "POST /verify/active HTTP/1.1" 200 11 "-" "curl --insecure /7.61.1"
172.18.0.3 - - [02/Dec/2019:13:36:01 +0000] "POST /verify/queue HTTP/1.1" 200 5 "-" "curl --insecure /7.61.1"
172.18.0.3 - - [02/Dec/2019:13:36:01 +0000] "POST /verify/active HTTP/1.1" 200 11 "-" "curl --insecure /7.61.1"
172.18.0.3 - - [02/Dec/2019:13:37:01 +0000] "POST /verify/queue HTTP/1.1" 200 5 "-" "curl --insecure /7.61.1"
172.18.0.3 - - [02/Dec/2019:13:37:01 +0000] "POST /verify/active HTTP/1.1" 200 11 "-" "curl --insecure /7.61.1"
172.18.0.3 - - [02/Dec/2019:13:38:01 +0000] "POST /verify/queue HTTP/1.1" 200 5 "-" "curl --insecure /7.61.1"
172.18.0.3 - - [02/Dec/2019:13:38:01 +0000] "POST /verify/active HTTP/1.1" 200 11 "-" "curl --insecure /7.61.1"
172.18.0.3 - - [02/Dec/2019:13:39:01 +0000] "POST /verify/queue HTTP/1.1" 200 5 "-" "curl --insecure /7.61.1"
172.18.0.3 - - [02/Dec/2019:13:39:01 +0000] "POST /verify/active HTTP/1.1" 200 11 "-" "curl --insecure /7.61.1"
172.18.0.3 - - [02/Dec/2019:13:40:02 +0000] "POST /verify/queue HTTP/1.1" 200 5 "-" "curl --insecure /7.61.1"
172.18.0.3 - - [02/Dec/2019:13:40:02 +0000] "POST /passive/index HTTP/1.1" 200 11 "-" "curl --insecure /7.61.1"
172.18.0.3 - - [02/Dec/2019:13:40:02 +0000] "POST /verify/active HTTP/1.1" 200 11 "-" "curl --insecure /7.61.1"
172.18.0.3 - - [02/Dec/2019:13:41:01 +0000] "POST /verify/queue HTTP/1.1" 200 5 "-" "curl --insecure /7.61.1"
172.18.0.3 - - [02/Dec/2019:13:41:01 +0000] "POST /verify/active HTTP/1.1" 200 11 "-" "curl --insecure /7.61.1"
172.18.0.3 - - [02/Dec/2019:13:42:01 +0000] "POST /verify/queue HTTP/1.1" 200 5 "-" "curl --insecure /7.61.1"
172.18.0.3 - - [02/Dec/2019:13:42:01 +0000] "POST /verify/active HTTP/1.1" 200 11 "-" "curl --insecure /7.61.1"
172.18.0.1 - - [02/Dec/2019:13:42:38 +0000] "POST /scan/nmap HTTP/1.1" 499 0 "-" "curl --insecure /7.64.1"
172.18.0.3 - - [02/Dec/2019:13:43:01 +0000] "POST /verify/queue HTTP/1.1" 200 5 "-" "curl --insecure /7.61.1"
172.18.0.3 - - [02/Dec/2019:13:43:01 +0000] "POST /verify/active HTTP/1.1" 200 11 "-" "curl --insecure /7.61.1"
172.18.0.1 - - [02/Dec/2019:13:43:40 +0000] "POST /scan/nmap HTTP/1.1" 200 0 "-" "curl --insecure /7.64.1"
172.18.0.3 - - [02/Dec/2019:13:44:01 +0000] "POST /verify/queue HTTP/1.1" 200 5 "-" "curl --insecure /7.61.1"
172.18.0.3 - - [02/Dec/2019:13:44:01 +0000] "POST /verify/active HTTP/1.1" 200 11 "-" "curl --insecure /7.61.1"
172.18.0.3 - - [02/Dec/2019:13:45:02 +0000] "POST /verify/queue HTTP/1.1" 200 5 "-" "curl --insecure /7.61.1"
172.18.0.3 - - [02/Dec/2019:13:45:02 +0000] "POST /verify/active HTTP/1.1" 200 11 "-" "curl --insecure /7.61.1"
172.18.0.3 - - [02/Dec/2019:13:46:01 +0000] "POST /verify/queue HTTP/1.1" 200 5 "-" "curl --insecure /7.61.1"
172.18.0.3 - - [02/Dec/2019:13:46:01 +0000] "POST /verify/active HTTP/1.1" 200 11 "-" "curl --insecure /7.61.1"
172.18.0.3 - - [02/Dec/2019:13:47:01 +0000] "POST /verify/queue HTTP/1.1" 200 5 "-" "curl --insecure /7.61.1"
172.18.0.3 - - [02/Dec/2019:13:47:01 +0000] "POST /verify/active HTTP/1.1" 200 11 "-" "curl --insecure /7.61.1"
172.18.0.3 - - [02/Dec/2019:13:48:01 +0000] "POST /verify/queue HTTP/1.1" 200 5 "-" "curl --insecure /7.61.1"
172.18.0.3 - - [02/Dec/2019:13:48:01 +0000] "POST /verify/active HTTP/1.1" 200 11 "-" "curl --insecure /7.61.1"
172.18.0.3 - - [02/Dec/2019:13:49:01 +0000] "POST /verify/active HTTP/1.1" 200 11 "-" "curl --insecure /7.61.1"
172.18.0.3 - - [02/Dec/2019:13:49:01 +0000] "POST /verify/queue HTTP/1.1" 200 5 "-" "curl --insecure /7.61.1"
172.18.0.3 - - [02/Dec/2019:13:50:02 +0000] "POST /passive/index HTTP/1.1" 200 11 "-" "curl --insecure /7.61.1"
172.18.0.3 - - [02/Dec/2019:13:50:02 +0000] "POST /verify/queue HTTP/1.1" 200 5 "-" "curl --insecure /7.61.1"
172.18.0.3 - - [02/Dec/2019:13:50:02 +0000] "POST /verify/active HTTP/1.1" 200 11 "-" "curl --insecure /7.61.1"
172.18.0.1 - - [02/Dec/2019:13:51:11 +0000] "POST /scan/nmap HTTP/1.1" 200 11 "-" "curl --insecure /7.64.1"
172.18.0.2 - - [02/Dec/2019:13:52:01 +0000] "POST /verify/queue HTTP/1.1" 200 5 "-" "curl --insecure /7.61.1"
172.18.0.2 - - [02/Dec/2019:13:52:01 +0000] "POST /verify/active HTTP/1.1" 200 11 "-" "curl --insecure /7.61.1"
172.18.0.2 - - [02/Dec/2019:13:53:01 +0000] "POST /verify/queue HTTP/1.1" 200 5 "-" "curl --insecure /7.61.1"
172.18.0.2 - - [02/Dec/2019:13:53:01 +0000] "POST /verify/active HTTP/1.1" 200 11 "-" "curl --insecure /7.61.1"
172.18.0.2 - - [02/Dec/2019:13:54:02 +0000] "POST /verify/queue HTTP/1.1" 200 5 "-" "curl --insecure /7.61.1"
172.18.0.2 - - [02/Dec/2019:13:54:02 +0000] "POST /verify/active HTTP/1.1" 200 11 "-" "curl --insecure /7.61.1"
172.18.0.2 - - [02/Dec/2019:13:55:01 +0000] "POST /verify/queue HTTP/1.1" 200 5 "-" "curl --insecure /7.61.1"
172.18.0.2 - - [02/Dec/2019:13:55:01 +0000] "POST /verify/active HTTP/1.1" 200 11 "-" "curl --insecure /7.61.1"
172.18.0.2 - - [02/Dec/2019:13:56:01 +0000] "POST /verify/queue HTTP/1.1" 200 5 "-" "curl --insecure /7.61.1"
172.18.0.2 - - [02/Dec/2019:13:56:01 +0000] "POST /verify/active HTTP/1.1" 200 11 "-" "curl --insecure /7.61.1"
172.18.0.2 - - [02/Dec/2019:13:57:01 +0000] "POST /verify/queue HTTP/1.1" 200 5 "-" "curl --insecure /7.61.1"
172.18.0.2 - - [02/Dec/2019:13:57:01 +0000] "POST /verify/active HTTP/1.1" 200 11 "-" "curl --insecure /7.61.1"
172.18.0.2 - - [02/Dec/2019:13:58:01 +0000] "POST /verify/queue HTTP/1.1" 200 5 "-" "curl --insecure /7.61.1"
172.18.0.2 - - [02/Dec/2019:13:58:01 +0000] "POST /verify/active HTTP/1.1" 200 11 "-" "curl --insecure /7.61.1"
172.18.0.2 - - [02/Dec/2019:14:00:02 +0000] "POST /passive/index HTTP/1.1" 200 11 "-" "curl --insecure /7.61.1"
172.18.0.2 - - [02/Dec/2019:14:00:02 +0000] "POST /verify/queue HTTP/1.1" 200 5 "-" "curl --insecure /7.61.1"
172.18.0.2 - - [02/Dec/2019:14:00:02 +0000] "POST /verify/active HTTP/1.1" 200 11 "-" "curl --insecure /7.61.1"
172.18.0.2 - - [02/Dec/2019:14:01:01 +0000] "POST /verify/active HTTP/1.1" 200 11 "-" "curl --insecure /7.61.1"
172.18.0.2 - - [02/Dec/2019:14:01:01 +0000] "POST /verify/queue HTTP/1.1" 200 5 "-" "curl --insecure /7.61.1"
172.18.0.2 - - [02/Dec/2019:14:02:01 +0000] "POST /verify/queue HTTP/1.1" 200 5 "-" "curl --insecure /7.61.1"
172.18.0.2 - - [02/Dec/2019:14:02:01 +0000] "POST /verify/active HTTP/1.1" 200 11 "-" "curl --insecure /7.61.1"
172.18.0.2 - - [02/Dec/2019:14:03:01 +0000] "POST /verify/queue HTTP/1.1" 200 5 "-" "curl --insecure /7.61.1"
172.18.0.2 - - [02/Dec/2019:14:03:01 +0000] "POST /verify/active HTTP/1.1" 200 11 "-" "curl --insecure /7.61.1"
172.18.0.2 - - [02/Dec/2019:14:04:02 +0000] "POST /verify/queue HTTP/1.1" 200 5 "-" "curl --insecure /7.61.1"
172.18.0.2 - - [02/Dec/2019:14:04:02 +0000] "POST /verify/active HTTP/1.1" 200 11 "-" "curl --insecure /7.61.1"
172.18.0.2 - - [02/Dec/2019:14:05:01 +0000] "POST /verify/queue HTTP/1.1" 200 5 "-" "curl --insecure /7.61.1"
172.18.0.2 - - [02/Dec/2019:14:05:01 +0000] "POST /verify/active HTTP/1.1" 200 11 "-" "curl --insecure /7.61.1"
172.18.0.2 - - [02/Dec/2019:14:06:01 +0000] "POST /verify/queue HTTP/1.1" 200 5 "-" "curl --insecure /7.61.1"
172.18.0.2 - - [02/Dec/2019:14:06:01 +0000] "POST /verify/active HTTP/1.1" 200 11 "-" "curl --insecure /7.61.1"
172.18.0.2 - - [02/Dec/2019:14:07:01 +0000] "POST /verify/queue HTTP/1.1" 200 5 "-" "curl --insecure /7.61.1"
172.18.0.2 - - [02/Dec/2019:14:07:01 +0000] "POST /verify/active HTTP/1.1" 200 11 "-" "curl --insecure /7.61.1"
172.18.0.2 - - [02/Dec/2019:14:08:01 +0000] "POST /verify/queue HTTP/1.1" 200 5 "-" "curl --insecure /7.61.1"
172.18.0.2 - - [02/Dec/2019:14:08:01 +0000] "POST /verify/active HTTP/1.1" 200 11 "-" "curl --insecure /7.61.1"
172.18.0.2 - - [02/Dec/2019:14:09:02 +0000] "POST /verify/queue HTTP/1.1" 200 5 "-" "curl --insecure /7.61.1"
172.18.0.2 - - [02/Dec/2019:14:09:02 +0000] "POST /verify/active HTTP/1.1" 200 11 "-" "curl --insecure /7.61.1"
172.18.0.2 - - [02/Dec/2019:14:10:01 +0000] "POST /verify/queue HTTP/1.1" 200 5 "-" "curl --insecure /7.61.1"
172.18.0.2 - - [02/Dec/2019:14:10:01 +0000] "POST /passive/index HTTP/1.1" 200 11 "-" "curl --insecure /7.61.1"
172.18.0.2 - - [02/Dec/2019:14:10:01 +0000] "POST /verify/active HTTP/1.1" 200 11 "-" "curl --insecure /7.61.1"
172.18.0.2 - - [02/Dec/2019:14:11:01 +0000] "POST /verify/queue HTTP/1.1" 200 5 "-" "curl --insecure /7.61.1"
172.18.0.2 - - [02/Dec/2019:14:11:01 +0000] "POST /verify/active HTTP/1.1" 200 11 "-" "curl --insecure /7.61.1"
172.18.0.2 - - [02/Dec/2019:14:12:01 +0000] "POST /verify/active HTTP/1.1" 200 11 "-" "curl --insecure /7.61.1"
172.18.0.2 - - [02/Dec/2019:14:12:01 +0000] "POST /verify/queue HTTP/1.1" 200 5 "-" "curl --insecure /7.61.1"
172.18.0.2 - - [02/Dec/2019:14:13:01 +0000] "POST /verify/queue HTTP/1.1" 200 5 "-" "curl --insecure /7.61.1"
172.18.0.2 - - [02/Dec/2019:14:13:01 +0000] "POST /verify/active HTTP/1.1" 200 11 "-" "curl --insecure /7.61.1"
172.18.0.2 - - [02/Dec/2019:14:14:02 +0000] "POST /verify/queue HTTP/1.1" 200 5 "-" "curl --insecure /7.61.1"
172.18.0.2 - - [02/Dec/2019:14:14:02 +0000] "POST /verify/active HTTP/1.1" 200 11 "-" "curl --insecure /7.61.1"
172.18.0.2 - - [02/Dec/2019:14:15:01 +0000] "POST /verify/active HTTP/1.1" 200 11 "-" "curl --insecure /7.61.1"
172.18.0.2 - - [02/Dec/2019:14:15:01 +0000] "POST /verify/queue HTTP/1.1" 200 5 "-" "curl --insecure /7.61.1"
172.18.0.2 - - [02/Dec/2019:14:16:01 +0000] "POST /verify/queue HTTP/1.1" 200 5 "-" "curl --insecure /7.61.1"
172.18.0.2 - - [02/Dec/2019:14:16:01 +0000] "POST /verify/active HTTP/1.1" 200 11 "-" "curl --insecure /7.61.1"
172.18.0.2 - - [02/Dec/2019:14:17:01 +0000] "POST /verify/active HTTP/1.1" 200 11 "-" "curl --insecure /7.61.1"
172.18.0.2 - - [02/Dec/2019:14:17:01 +0000] "POST /verify/queue HTTP/1.1" 200 5 "-" "curl --insecure /7.61.1"
172.18.0.2 - - [02/Dec/2019:14:18:01 +0000] "POST /verify/queue HTTP/1.1" 200 5 "-" "curl --insecure /7.61.1"
172.18.0.2 - - [02/Dec/2019:14:18:01 +0000] "POST /verify/active HTTP/1.1" 200 11 "-" "curl --insecure /7.61.1"
172.18.0.2 - - [02/Dec/2019:14:19:01 +0000] "POST /verify/queue HTTP/1.1" 200 5 "-" "curl --insecure /7.61.1"
172.18.0.2 - - [02/Dec/2019:14:19:01 +0000] "POST /verify/active HTTP/1.1" 200 11 "-" "curl --insecure /7.61.1"
172.18.0.2 - - [02/Dec/2019:14:20:02 +0000] "POST /verify/queue HTTP/1.1" 200 5 "-" "curl --insecure /7.61.1"
172.18.0.2 - - [02/Dec/2019:14:20:02 +0000] "POST /passive/index HTTP/1.1" 200 11 "-" "curl --insecure /7.61.1"
172.18.0.2 - - [02/Dec/2019:14:20:02 +0000] "POST /verify/active HTTP/1.1" 200 11 "-" "curl --insecure /7.61.1"
172.18.0.2 - - [02/Dec/2019:14:21:01 +0000] "POST /verify/queue HTTP/1.1" 200 5 "-" "curl --insecure /7.61.1"
172.18.0.2 - - [02/Dec/2019:14:21:01 +0000] "POST /verify/active HTTP/1.1" 200 11 "-" "curl --insecure /7.61.1"
172.18.0.2 - - [02/Dec/2019:14:22:01 +0000] "POST /verify/queue HTTP/1.1" 200 5 "-" "curl --insecure /7.61.1"
172.18.0.2 - - [02/Dec/2019:14:22:01 +0000] "POST /verify/active HTTP/1.1" 200 11 "-" "curl --insecure /7.61.1"
172.18.0.2 - - [02/Dec/2019:14:23:02 +0000] "POST /verify/queue HTTP/1.1" 200 5 "-" "curl --insecure /7.61.1"
172.18.0.2 - - [02/Dec/2019:14:23:02 +0000] "POST /verify/active HTTP/1.1" 200 11 "-" "curl --insecure /7.61.1"
172.18.0.2 - - [02/Dec/2019:14:24:01 +0000] "POST /verify/active HTTP/1.1" 200 11 "-" "curl --insecure /7.61.1"
172.18.0.2 - - [02/Dec/2019:14:24:01 +0000] "POST /verify/queue HTTP/1.1" 200 5 "-" "curl --insecure /7.61.1"
172.18.0.2 - - [02/Dec/2019:14:25:01 +0000] "POST /verify/queue HTTP/1.1" 200 5 "-" "curl --insecure /7.61.1"
172.18.0.2 - - [02/Dec/2019:14:25:01 +0000] "POST /verify/active HTTP/1.1" 200 11 "-" "curl --insecure /7.61.1"
172.18.0.2 - - [02/Dec/2019:14:26:01 +0000] "POST /verify/queue HTTP/1.1" 200 5 "-" "curl --insecure /7.61.1"
172.18.0.2 - - [02/Dec/2019:14:26:01 +0000] "POST /verify/active HTTP/1.1" 200 11 "-" "curl --insecure /7.61.1"
172.18.0.2 - - [02/Dec/2019:14:27:01 +0000] "POST /verify/queue HTTP/1.1" 200 5 "-" "curl --insecure /7.61.1"
172.18.0.2 - - [02/Dec/2019:14:27:01 +0000] "POST /verify/active HTTP/1.1" 200 11 "-" "curl --insecure /7.61.1"
172.18.0.2 - - [02/Dec/2019:14:28:01 +0000] "POST /verify/queue HTTP/1.1" 200 5 "-" "curl --insecure /7.61.1"
172.18.0.2 - - [02/Dec/2019:14:28:01 +0000] "POST /verify/active HTTP/1.1" 200 11 "-" "curl --insecure /7.61.1"
172.18.0.2 - - [02/Dec/2019:14:29:02 +0000] "POST /verify/queue HTTP/1.1" 200 5 "-" "curl --insecure /7.61.1"
172.18.0.2 - - [02/Dec/2019:14:29:02 +0000] "POST /verify/active HTTP/1.1" 200 11 "-" "curl --insecure /7.61.1"
172.18.0.2 - - [02/Dec/2019:14:30:01 +0000] "POST /passive/index HTTP/1.1" 200 11 "-" "curl --insecure /7.61.1"
172.18.0.2 - - [02/Dec/2019:14:30:01 +0000] "POST /verify/queue HTTP/1.1" 200 5 "-" "curl --insecure /7.61.1"
172.18.0.2 - - [02/Dec/2019:14:30:01 +0000] "POST /verify/active HTTP/1.1" 200 11 "-" "curl --insecure /7.61.1"
172.18.0.2 - - [02/Dec/2019:14:31:01 +0000] "POST /verify/queue HTTP/1.1" 200 5 "-" "curl --insecure /7.61.1"
172.18.0.2 - - [02/Dec/2019:14:31:01 +0000] "POST /verify/active HTTP/1.1" 200 11 "-" "curl --insecure /7.61.1"
172.18.0.2 - - [02/Dec/2019:14:32:01 +0000] "POST /verify/queue HTTP/1.1" 200 5 "-" "curl --insecure /7.61.1"
172.18.0.2 - - [02/Dec/2019:14:32:01 +0000] "POST /verify/active HTTP/1.1" 200 11 "-" "curl --insecure /7.61.1"
172.18.0.2 - - [02/Dec/2019:14:33:01 +0000] "POST /verify/queue HTTP/1.1" 200 5 "-" "curl --insecure /7.61.1"
172.18.0.2 - - [02/Dec/2019:14:33:01 +0000] "POST /verify/active HTTP/1.1" 200 11 "-" "curl --insecure /7.61.1"
172.18.0.2 - - [02/Dec/2019:14:34:01 +0000] "POST /verify/queue HTTP/1.1" 200 5 "-" "curl --insecure /7.61.1"
172.18.0.2 - - [02/Dec/2019:14:34:02 +0000] "POST /verify/active HTTP/1.1" 200 11 "-" "curl --insecure /7.61.1"
172.18.0.2 - - [02/Dec/2019:14:35:01 +0000] "POST /verify/queue HTTP/1.1" 200 5 "-" "curl --insecure /7.61.1"
172.18.0.2 - - [02/Dec/2019:14:35:01 +0000] "POST /verify/active HTTP/1.1" 200 11 "-" "curl --insecure /7.61.1"
172.18.0.2 - - [02/Dec/2019:14:36:01 +0000] "POST /verify/queue HTTP/1.1" 200 5 "-" "curl --insecure /7.61.1"
172.18.0.2 - - [02/Dec/2019:14:36:01 +0000] "POST /verify/active HTTP/1.1" 200 11 "-" "curl --insecure /7.61.1"
172.18.0.2 - - [02/Dec/2019:14:37:01 +0000] "POST /verify/queue HTTP/1.1" 200 5 "-" "curl --insecure /7.61.1"
172.18.0.2 - - [02/Dec/2019:14:37:01 +0000] "POST /verify/active HTTP/1.1" 200 11 "-" "curl --insecure /7.61.1"
172.18.0.2 - - [02/Dec/2019:14:38:01 +0000] "POST /verify/queue HTTP/1.1" 200 5 "-" "curl --insecure /7.61.1"
172.18.0.2 - - [02/Dec/2019:14:38:01 +0000] "POST /verify/active HTTP/1.1" 200 11 "-" "curl --insecure /7.61.1"
172.18.0.2 - - [02/Dec/2019:14:39:01 +0000] "POST /verify/queue HTTP/1.1" 200 5 "-" "curl --insecure /7.61.1"
172.18.0.2 - - [02/Dec/2019:14:39:01 +0000] "POST /verify/active HTTP/1.1" 200 11 "-" "curl --insecure /7.61.1"
172.18.0.2 - - [02/Dec/2019:14:40:02 +0000] "POST /verify/queue HTTP/1.1" 200 5 "-" "curl --insecure /7.61.1"
172.18.0.2 - - [02/Dec/2019:14:40:02 +0000] "POST /passive/index HTTP/1.1" 200 11 "-" "curl --insecure /7.61.1"
172.18.0.2 - - [02/Dec/2019:14:40:02 +0000] "POST /verify/active HTTP/1.1" 200 11 "-" "curl --insecure /7.61.1"
172.18.0.2 - - [02/Dec/2019:14:41:01 +0000] "POST /verify/queue HTTP/1.1" 200 5 "-" "curl --insecure /7.61.1"
172.18.0.2 - - [02/Dec/2019:14:41:01 +0000] "POST /verify/active HTTP/1.1" 200 11 "-" "curl --insecure /7.61.1"
172.18.0.2 - - [02/Dec/2019:14:42:01 +0000] "POST /verify/queue HTTP/1.1" 200 5 "-" "curl --insecure /7.61.1"
172.18.0.2 - - [02/Dec/2019:14:42:01 +0000] "POST /verify/active HTTP/1.1" 200 11 "-" "curl --insecure /7.61.1"
172.18.0.2 - - [02/Dec/2019:14:43:01 +0000] "POST /verify/queue HTTP/1.1" 200 5 "-" "curl --insecure /7.61.1"
172.18.0.2 - - [02/Dec/2019:14:43:01 +0000] "POST /verify/active HTTP/1.1" 200 11 "-" "curl --insecure /7.61.1"
172.18.0.2 - - [02/Dec/2019:14:44:01 +0000] "POST /verify/queue HTTP/1.1" 200 5 "-" "curl --insecure /7.61.1"
172.18.0.2 - - [02/Dec/2019:14:44:01 +0000] "POST /verify/active HTTP/1.1" 200 11 "-" "curl --insecure /7.61.1"
172.18.0.2 - - [02/Dec/2019:14:45:02 +0000] "POST /verify/queue HTTP/1.1" 200 5 "-" "curl --insecure /7.61.1"
172.18.0.2 - - [02/Dec/2019:14:45:02 +0000] "POST /verify/active HTTP/1.1" 200 11 "-" "curl --insecure /7.61.1"
172.18.0.2 - - [02/Dec/2019:14:46:01 +0000] "POST /verify/queue HTTP/1.1" 200 5 "-" "curl --insecure /7.61.1"
172.18.0.2 - - [02/Dec/2019:14:46:01 +0000] "POST /verify/active HTTP/1.1" 200 11 "-" "curl --insecure /7.61.1"
172.18.0.2 - - [02/Dec/2019:14:47:01 +0000] "POST /verify/queue HTTP/1.1" 200 5 "-" "curl --insecure /7.61.1"
172.18.0.2 - - [02/Dec/2019:14:47:01 +0000] "POST /verify/active HTTP/1.1" 200 11 "-" "curl --insecure /7.61.1"
172.18.0.2 - - [02/Dec/2019:14:48:01 +0000] "POST /verify/queue HTTP/1.1" 200 5 "-" "curl --insecure /7.61.1"
172.18.0.2 - - [02/Dec/2019:14:48:01 +0000] "POST /verify/active HTTP/1.1" 200 11 "-" "curl --insecure /7.61.1"
172.18.0.2 - - [02/Dec/2019:14:49:01 +0000] "POST /verify/queue HTTP/1.1" 200 5 "-" "curl --insecure /7.61.1"
172.18.0.2 - - [02/Dec/2019:14:49:01 +0000] "POST /verify/active HTTP/1.1" 200 11 "-" "curl --insecure /7.61.1"
172.18.0.2 - - [02/Dec/2019:14:50:02 +0000] "POST /verify/queue HTTP/1.1" 200 5 "-" "curl --insecure /7.61.1"
172.18.0.2 - - [02/Dec/2019:14:50:02 +0000] "POST /passive/index HTTP/1.1" 200 11 "-" "curl --insecure /7.61.1"
172.18.0.2 - - [02/Dec/2019:14:50:02 +0000] "POST /verify/active HTTP/1.1" 200 11 "-" "curl --insecure /7.61.1"
172.18.0.2 - - [02/Dec/2019:14:51:01 +0000] "POST /verify/queue HTTP/1.1" 200 5 "-" "curl --insecure /7.61.1"
172.18.0.2 - - [02/Dec/2019:14:51:01 +0000] "POST /verify/active HTTP/1.1" 200 11 "-" "curl --insecure /7.61.1"
172.18.0.2 - - [02/Dec/2019:14:52:01 +0000] "POST /verify/queue HTTP/1.1" 200 5 "-" "curl --insecure /7.61.1"
172.18.0.2 - - [02/Dec/2019:14:52:01 +0000] "POST /verify/active HTTP/1.1" 200 11 "-" "curl --insecure /7.61.1"
172.18.0.2 - - [02/Dec/2019:14:53:01 +0000] "POST /verify/queue HTTP/1.1" 200 5 "-" "curl --insecure /7.61.1"
172.18.0.2 - - [02/Dec/2019:14:53:01 +0000] "POST /verify/active HTTP/1.1" 200 11 "-" "curl --insecure /7.61.1"
172.18.0.2 - - [02/Dec/2019:14:54:01 +0000] "POST /verify/queue HTTP/1.1" 200 5 "-" "curl --insecure /7.61.1"
172.18.0.2 - - [02/Dec/2019:14:54:01 +0000] "POST /verify/active HTTP/1.1" 200 11 "-" "curl --insecure /7.61.1"
172.18.0.2 - - [02/Dec/2019:14:55:01 +0000] "POST /verify/queue HTTP/1.1" 200 5 "-" "curl --insecure /7.61.1"
172.18.0.2 - - [02/Dec/2019:14:55:01 +0000] "POST /verify/active HTTP/1.1" 200 11 "-" "curl --insecure /7.61.1"
172.18.0.2 - - [02/Dec/2019:14:56:02 +0000] "POST /verify/active HTTP/1.1" 200 11 "-" "curl --insecure /7.61.1"
172.18.0.2 - - [02/Dec/2019:14:56:02 +0000] "POST /verify/queue HTTP/1.1" 200 5 "-" "curl --insecure /7.61.1"
172.18.0.2 - - [02/Dec/2019:14:57:01 +0000] "POST /verify/queue HTTP/1.1" 200 5 "-" "curl --insecure /7.61.1"
172.18.0.2 - - [02/Dec/2019:14:57:01 +0000] "POST /verify/active HTTP/1.1" 200 11 "-" "curl --insecure /7.61.1"
172.18.0.2 - - [02/Dec/2019:14:58:01 +0000] "POST /verify/queue HTTP/1.1" 200 5 "-" "curl --insecure /7.61.1"
172.18.0.2 - - [02/Dec/2019:14:58:01 +0000] "POST /verify/active HTTP/1.1" 200 11 "-" "curl --insecure /7.61.1"
172.18.0.2 - - [02/Dec/2019:14:59:01 +0000] "POST /verify/queue HTTP/1.1" 200 5 "-" "curl --insecure /7.61.1"
172.18.0.2 - - [02/Dec/2019:14:59:01 +0000] "POST /verify/active HTTP/1.1" 200 11 "-" "curl --insecure /7.61.1"
172.18.0.2 - - [02/Dec/2019:15:00:02 +0000] "POST /verify/queue HTTP/1.1" 200 5 "-" "curl --insecure /7.61.1"
172.18.0.2 - - [02/Dec/2019:15:00:02 +0000] "POST /passive/index HTTP/1.1" 200 11 "-" "curl --insecure /7.61.1"
172.18.0.2 - - [02/Dec/2019:15:00:02 +0000] "POST /verify/active HTTP/1.1" 200 11 "-" "curl --insecure /7.61.1"
172.18.0.2 - - [02/Dec/2019:15:01:01 +0000] "POST /verify/queue HTTP/1.1" 200 5 "-" "curl --insecure /7.61.1"
172.18.0.2 - - [02/Dec/2019:15:01:01 +0000] "POST /verify/active HTTP/1.1" 200 11 "-" "curl --insecure /7.61.1"
172.18.0.2 - - [02/Dec/2019:15:02:01 +0000] "POST /verify/queue HTTP/1.1" 200 5 "-" "curl --insecure /7.61.1"
172.18.0.2 - - [02/Dec/2019:15:02:01 +0000] "POST /verify/active HTTP/1.1" 200 11 "-" "curl --insecure /7.61.1"
172.18.0.2 - - [02/Dec/2019:15:03:01 +0000] "POST /verify/queue HTTP/1.1" 200 5 "-" "curl --insecure /7.61.1"
172.18.0.2 - - [02/Dec/2019:15:03:01 +0000] "POST /verify/active HTTP/1.1" 200 11 "-" "curl --insecure /7.61.1"
172.18.0.3 - - [02/Dec/2019:15:08:01 +0000] "POST /verify/queue HTTP/1.1" 200 5 "-" "curl --insecure /7.61.1"
172.18.0.3 - - [02/Dec/2019:15:08:01 +0000] "POST /verify/active HTTP/1.1" 200 11 "-" "curl --insecure /7.61.1"
172.18.0.1 - - [02/Dec/2019:15:08:17 +0000] "POST /scan/nmap HTTP/1.1" 200 0 "-" "curl --insecure /7.64.1"
172.18.0.3 - - [02/Dec/2019:15:09:02 +0000] "POST /verify/queue HTTP/1.1" 200 5 "-" "curl --insecure /7.61.1"
172.18.0.3 - - [02/Dec/2019:15:09:02 +0000] "POST /verify/active HTTP/1.1" 200 11 "-" "curl --insecure /7.61.1"
172.18.0.3 - - [02/Dec/2019:15:10:01 +0000] "POST /verify/active HTTP/1.1" 200 11 "-" "curl --insecure /7.61.1"
172.18.0.3 - - [02/Dec/2019:15:10:01 +0000] "POST /verify/queue HTTP/1.1" 200 5 "-" "curl --insecure /7.61.1"
172.18.0.3 - - [02/Dec/2019:15:10:01 +0000] "POST /passive/index HTTP/1.1" 200 11 "-" "curl --insecure /7.61.1"
172.18.0.3 - - [02/Dec/2019:15:11:01 +0000] "POST /verify/queue HTTP/1.1" 200 5 "-" "curl --insecure /7.61.1"
172.18.0.3 - - [02/Dec/2019:15:11:01 +0000] "POST /verify/active HTTP/1.1" 200 11 "-" "curl --insecure /7.61.1"
172.18.0.3 - - [02/Dec/2019:15:12:01 +0000] "POST /verify/queue HTTP/1.1" 200 5 "-" "curl --insecure /7.61.1"
172.18.0.3 - - [02/Dec/2019:15:12:01 +0000] "POST /verify/active HTTP/1.1" 200 11 "-" "curl --insecure /7.61.1"
172.18.0.3 - - [02/Dec/2019:15:13:02 +0000] "POST /verify/queue HTTP/1.1" 200 5 "-" "curl --insecure /7.61.1"
172.18.0.3 - - [02/Dec/2019:15:13:02 +0000] "POST /verify/active HTTP/1.1" 200 11 "-" "curl --insecure /7.61.1"
172.18.0.1 - - [02/Dec/2019:15:13:55 +0000] "POST /scan/nmap HTTP/1.1" 200 0 "-" "curl --insecure /7.64.1"
172.18.0.3 - - [02/Dec/2019:15:14:01 +0000] "POST /verify/queue HTTP/1.1" 200 5 "-" "curl --insecure /7.61.1"
172.18.0.3 - - [02/Dec/2019:15:14:01 +0000] "POST /verify/active HTTP/1.1" 200 11 "-" "curl --insecure /7.61.1"
172.18.0.3 - - [02/Dec/2019:15:15:01 +0000] "POST /verify/queue HTTP/1.1" 200 5 "-" "curl --insecure /7.61.1"
172.18.0.3 - - [02/Dec/2019:15:15:01 +0000] "POST /verify/active HTTP/1.1" 200 11 "-" "curl --insecure /7.61.1"
172.18.0.3 - - [02/Dec/2019:15:16:01 +0000] "POST /verify/queue HTTP/1.1" 200 5 "-" "curl --insecure /7.61.1"
172.18.0.3 - - [02/Dec/2019:15:16:01 +0000] "POST /verify/active HTTP/1.1" 200 11 "-" "curl --insecure /7.61.1"
172.18.0.3 - - [02/Dec/2019:15:17:01 +0000] "POST /verify/active HTTP/1.1" 200 11 "-" "curl --insecure /7.61.1"
172.18.0.3 - - [02/Dec/2019:15:17:01 +0000] "POST /verify/queue HTTP/1.1" 200 5 "-" "curl --insecure /7.61.1"
172.18.0.1 - - [02/Dec/2019:15:17:32 +0000] "POST /scan/nmap HTTP/1.1" 200 0 "-" "curl --insecure /7.64.1"
172.18.0.3 - - [02/Dec/2019:15:18:01 +0000] "POST /verify/queue HTTP/1.1" 200 5 "-" "curl --insecure /7.61.1"
172.18.0.3 - - [02/Dec/2019:15:18:01 +0000] "POST /verify/active HTTP/1.1" 200 11 "-" "curl --insecure /7.61.1"
172.18.0.1 - - [02/Dec/2019:15:18:54 +0000] "GET /debug/default/view?panel=log&tag=5de50b6904b0d HTTP/1.1" 404 28213 "http://localhost/site/newscan" "Mozilla/5.0 (Macintosh; Intel Mac OS X 10.15; rv:70.0) Gecko/20100101 Firefox/70.0"
172.18.0.1 - - [02/Dec/2019:15:19:01 +0000] "GET /debug/default/toolbar?tag=5de52b5dbf6ea HTTP/1.1" 404 83 "http://localhost/debug/default/view?panel=log&tag=5de50b6904b0d" "Mozilla/5.0 (Macintosh; Intel Mac OS X 10.15; rv:70.0) Gecko/20100101 Firefox/70.0"
172.18.0.1 - - [02/Dec/2019:15:19:01 +0000] "GET / HTTP/1.1" 200 33814 "http://localhost/site/newscan" "Mozilla/5.0 (Macintosh; Intel Mac OS X 10.15; rv:70.0) Gecko/20100101 Firefox/70.0"
172.18.0.1 - - [02/Dec/2019:15:19:01 +0000] "GET /fonts/font-awesome/fonts/fontawesome-webfont.woff2?v=4.3.0 HTTP/1.1" 200 56780 "http://localhost/fonts/font-awesome/css/font-awesome.css" "Mozilla/5.0 (Macintosh; Intel Mac OS X 10.15; rv:70.0) Gecko/20100101 Firefox/70.0"
172.18.0.1 - - [02/Dec/2019:15:19:01 +0000] "GET /favicon.ico HTTP/1.1" 200 318 "-" "Mozilla/5.0 (Macintosh; Intel Mac OS X 10.15; rv:70.0) Gecko/20100101 Firefox/70.0"
172.18.0.1 - - [02/Dec/2019:15:19:01 +0000] "GET /debug/default/toolbar?tag=5de52b6557fbe HTTP/1.1" 200 7794 "http://localhost/" "Mozilla/5.0 (Macintosh; Intel Mac OS X 10.15; rv:70.0) Gecko/20100101 Firefox/70.0"
172.18.0.3 - - [02/Dec/2019:15:19:02 +0000] "POST /verify/queue HTTP/1.1" 200 5 "-" "curl --insecure /7.61.1"
172.18.0.3 - - [02/Dec/2019:15:19:02 +0000] "POST /verify/active HTTP/1.1" 200 11 "-" "curl --insecure /7.61.1"
172.18.0.1 - - [02/Dec/2019:15:19:03 +0000] "GET /debug/default/view?panel=log&tag=5de52b6557fbe HTTP/1.1" 200 21100 "http://localhost/" "Mozilla/5.0 (Macintosh; Intel Mac OS X 10.15; rv:70.0) Gecko/20100101 Firefox/70.0"
172.18.0.1 - - [02/Dec/2019:15:19:06 +0000] "GET /debug/default/index HTTP/1.1" 200 27708 "http://localhost/debug/default/view?panel=log&tag=5de52b6557fbe" "Mozilla/5.0 (Macintosh; Intel Mac OS X 10.15; rv:70.0) Gecko/20100101 Firefox/70.0"
172.18.0.1 - - [02/Dec/2019:15:19:13 +0000] "GET /debug/default/view?tag=5de52acf10ba4 HTTP/1.1" 200 16275 "http://localhost/debug/default/index" "Mozilla/5.0 (Macintosh; Intel Mac OS X 10.15; rv:70.0) Gecko/20100101 Firefox/70.0"
172.18.0.1 - - [02/Dec/2019:15:19:22 +0000] "GET /debug/default/view?tag=5de52acf10ba4&panel=router HTTP/1.1" 200 12932 "http://localhost/debug/default/view?tag=5de52acf10ba4" "Mozilla/5.0 (Macintosh; Intel Mac OS X 10.15; rv:70.0) Gecko/20100101 Firefox/70.0"
172.18.0.1 - - [02/Dec/2019:15:19:26 +0000] "GET /debug/default/view?tag=5de52acf10ba4&panel=request HTTP/1.1" 200 28836 "http://localhost/debug/default/view?tag=5de52acf10ba4&panel=router" "Mozilla/5.0 (Macintosh; Intel Mac OS X 10.15; rv:70.0) Gecko/20100101 Firefox/70.0"
172.18.0.1 - - [02/Dec/2019:15:19:36 +0000] "GET /debug/default/view?tag=5de52acf10ba4&panel=log HTTP/1.1" 200 16345 "http://localhost/debug/default/view?tag=5de52acf10ba4&panel=request" "Mozilla/5.0 (Macintosh; Intel Mac OS X 10.15; rv:70.0) Gecko/20100101 Firefox/70.0"
172.18.0.1 - - [02/Dec/2019:15:19:39 +0000] "GET /debug/default/view?tag=5de52acf10ba4&panel=router HTTP/1.1" 200 12938 "http://localhost/debug/default/view?tag=5de52acf10ba4&panel=log" "Mozilla/5.0 (Macintosh; Intel Mac OS X 10.15; rv:70.0) Gecko/20100101 Firefox/70.0"
172.18.0.1 - - [02/Dec/2019:15:19:41 +0000] "GET /debug/default/view?tag=5de52acf10ba4&panel=profiling HTTP/1.1" 200 13610 "http://localhost/debug/default/view?tag=5de52acf10ba4&panel=router" "Mozilla/5.0 (Macintosh; Intel Mac OS X 10.15; rv:70.0) Gecko/20100101 Firefox/70.0"
172.18.0.1 - - [02/Dec/2019:15:19:44 +0000] "GET /debug/default/view?tag=5de52acf10ba4&panel=event HTTP/1.1" 200 13633 "http://localhost/debug/default/view?tag=5de52acf10ba4&panel=profiling" "Mozilla/5.0 (Macintosh; Intel Mac OS X 10.15; rv:70.0) Gecko/20100101 Firefox/70.0"
172.18.0.1 - - [02/Dec/2019:15:19:48 +0000] "GET /debug/default/view?tag=5de52acf10ba4&panel=dump HTTP/1.1" 200 12953 "http://localhost/debug/default/view?tag=5de52acf10ba4&panel=event" "Mozilla/5.0 (Macintosh; Intel Mac OS X 10.15; rv:70.0) Gecko/20100101 Firefox/70.0"
172.18.0.1 - - [02/Dec/2019:15:19:53 +0000] "GET /debug/default/index HTTP/1.1" 200 27708 "http://localhost/debug/default/view?tag=5de52acf10ba4&panel=dump" "Mozilla/5.0 (Macintosh; Intel Mac OS X 10.15; rv:70.0) Gecko/20100101 Firefox/70.0"
172.18.0.3 - - [02/Dec/2019:15:20:01 +0000] "POST /verify/queue HTTP/1.1" 200 5 "-" "curl --insecure /7.61.1"
172.18.0.3 - - [02/Dec/2019:15:20:01 +0000] "POST /passive/index HTTP/1.1" 200 11 "-" "curl --insecure /7.61.1"
172.18.0.3 - - [02/Dec/2019:15:20:01 +0000] "POST /verify/active HTTP/1.1" 200 11 "-" "curl --insecure /7.61.1"
172.18.0.3 - - [02/Dec/2019:15:21:01 +0000] "POST /verify/queue HTTP/1.1" 200 5 "-" "curl --insecure /7.61.1"
172.18.0.3 - - [02/Dec/2019:15:21:01 +0000] "POST /verify/active HTTP/1.1" 200 11 "-" "curl --insecure /7.61.1"
172.18.0.3 - - [02/Dec/2019:15:22:01 +0000] "POST /verify/queue HTTP/1.1" 200 5 "-" "curl --insecure /7.61.1"
172.18.0.3 - - [02/Dec/2019:15:22:01 +0000] "POST /verify/active HTTP/1.1" 200 11 "-" "curl --insecure /7.61.1"
172.18.0.3 - - [02/Dec/2019:15:23:01 +0000] "POST /verify/queue HTTP/1.1" 200 5 "-" "curl --insecure /7.61.1"
172.18.0.3 - - [02/Dec/2019:15:23:01 +0000] "POST /verify/active HTTP/1.1" 200 11 "-" "curl --insecure /7.61.1"
172.18.0.3 - - [02/Dec/2019:15:24:02 +0000] "POST /verify/queue HTTP/1.1" 200 5 "-" "curl --insecure /7.61.1"
172.18.0.3 - - [02/Dec/2019:15:24:02 +0000] "POST /verify/active HTTP/1.1" 200 11 "-" "curl --insecure /7.61.1"
172.18.0.3 - - [02/Dec/2019:15:25:01 +0000] "POST /verify/queue HTTP/1.1" 200 5 "-" "curl --insecure /7.61.1"
172.18.0.3 - - [02/Dec/2019:15:25:01 +0000] "POST /verify/active HTTP/1.1" 200 11 "-" "curl --insecure /7.61.1"
172.18.0.3 - - [02/Dec/2019:15:26:01 +0000] "POST /verify/queue HTTP/1.1" 200 5 "-" "curl --insecure /7.61.1"
172.18.0.3 - - [02/Dec/2019:15:26:01 +0000] "POST /verify/active HTTP/1.1" 200 11 "-" "curl --insecure /7.61.1"
172.18.0.3 - - [02/Dec/2019:15:27:01 +0000] "POST /verify/queue HTTP/1.1" 200 5 "-" "curl --insecure /7.61.1"
172.18.0.3 - - [02/Dec/2019:15:27:01 +0000] "POST /verify/active HTTP/1.1" 200 11 "-" "curl --insecure /7.61.1"
172.18.0.1 - - [02/Dec/2019:15:27:36 +0000] "GET / HTTP/1.1" 200 33615 "-" "HomeNet/1.0"
172.18.0.3 - - [03/Dec/2019:13:01:02 +0000] "POST /verify/queue HTTP/1.1" 200 5 "-" "curl --insecure /7.61.1"
172.18.0.3 - - [03/Dec/2019:13:01:02 +0000] "POST /verify/active HTTP/1.1" 200 11 "-" "curl --insecure /7.61.1"
172.18.0.1 - - [03/Dec/2019:20:04:45 +0000] "GET / HTTP/1.1" 200 33615 "-" "HomeNet/1.0"
172.18.0.1 - - [03/Dec/2019:20:04:58 +0000] "GET / HTTP/1.1" 499 0 "-" "HomeNet/1.0"
172.18.0.3 - - [04/Dec/2019:19:13:02 +0000] "POST /verify/queue HTTP/1.1" 200 5 "-" "curl --insecure /7.61.1"
172.18.0.3 - - [04/Dec/2019:19:13:02 +0000] "POST /verify/active HTTP/1.1" 200 11 "-" "curl --insecure /7.61.1"
172.18.0.3 - - [04/Dec/2019:19:14:01 +0000] "POST /verify/queue HTTP/1.1" 200 5 "-" "curl --insecure /7.61.1"
172.18.0.3 - - [04/Dec/2019:19:14:01 +0000] "POST /verify/active HTTP/1.1" 200 11 "-" "curl --insecure /7.61.1"
172.18.0.1 - - [04/Dec/2019:19:14:06 +0000] "POST /scan/nmap HTTP/1.1" 200 0 "-" "curl --insecure /7.64.1"
172.18.0.3 - - [04/Dec/2019:19:15:02 +0000] "POST /verify/queue HTTP/1.1" 200 5 "-" "curl --insecure /7.61.1"
172.18.0.3 - - [04/Dec/2019:19:15:02 +0000] "POST /verify/active HTTP/1.1" 200 11 "-" "curl --insecure /7.61.1"
172.18.0.3 - - [04/Dec/2019:19:16:01 +0000] "POST /verify/queue HTTP/1.1" 200 5 "-" "curl --insecure /7.61.1"
172.18.0.3 - - [04/Dec/2019:19:16:01 +0000] "POST /verify/active HTTP/1.1" 200 11 "-" "curl --insecure /7.61.1"
172.18.0.1 - - [04/Dec/2019:19:16:23 +0000] "POST /scan/nmap HTTP/1.1" 200 0 "-" "curl --insecure /7.64.1"
172.18.0.3 - - [04/Dec/2019:19:17:01 +0000] "POST /verify/active HTTP/1.1" 200 11 "-" "curl --insecure /7.61.1"
172.18.0.3 - - [04/Dec/2019:19:17:01 +0000] "POST /verify/queue HTTP/1.1" 200 5 "-" "curl --insecure /7.61.1"
172.18.0.3 - - [04/Dec/2019:19:18:01 +0000] "POST /verify/active HTTP/1.1" 200 11 "-" "curl --insecure /7.61.1"
172.18.0.3 - - [04/Dec/2019:19:18:01 +0000] "POST /verify/queue HTTP/1.1" 200 5 "-" "curl --insecure /7.61.1"
172.18.0.3 - - [04/Dec/2019:19:19:01 +0000] "POST /verify/active HTTP/1.1" 200 11 "-" "curl --insecure /7.61.1"
172.18.0.3 - - [04/Dec/2019:19:19:01 +0000] "POST /verify/queue HTTP/1.1" 200 5 "-" "curl --insecure /7.61.1"
172.18.0.1 - - [04/Dec/2019:19:19:52 +0000] "POST /scan/nmap HTTP/1.1" 200 0 "-" "curl --insecure /7.64.1"
172.18.0.3 - - [04/Dec/2019:19:20:01 +0000] "POST /passive/index HTTP/1.1" 200 11 "-" "curl --insecure /7.61.1"
172.18.0.3 - - [04/Dec/2019:19:20:02 +0000] "POST /verify/queue HTTP/1.1" 200 5 "-" "curl --insecure /7.61.1"
172.18.0.3 - - [04/Dec/2019:19:20:02 +0000] "POST /verify/active HTTP/1.1" 200 11 "-" "curl --insecure /7.61.1"
172.18.0.3 - - [04/Dec/2019:19:21:01 +0000] "POST /verify/queue HTTP/1.1" 200 5 "-" "curl --insecure /7.61.1"
172.18.0.3 - - [04/Dec/2019:19:21:01 +0000] "POST /verify/active HTTP/1.1" 200 11 "-" "curl --insecure /7.61.1"
172.18.0.3 - - [04/Dec/2019:19:22:01 +0000] "POST /verify/active HTTP/1.1" 200 11 "-" "curl --insecure /7.61.1"
172.18.0.3 - - [04/Dec/2019:19:22:01 +0000] "POST /verify/queue HTTP/1.1" 200 5 "-" "curl --insecure /7.61.1"
172.18.0.3 - - [04/Dec/2019:19:23:01 +0000] "POST /verify/queue HTTP/1.1" 200 5 "-" "curl --insecure /7.61.1"
172.18.0.3 - - [04/Dec/2019:19:23:01 +0000] "POST /verify/active HTTP/1.1" 200 11 "-" "curl --insecure /7.61.1"
172.18.0.3 - - [04/Dec/2019:19:24:01 +0000] "POST /verify/queue HTTP/1.1" 200 5 "-" "curl --insecure /7.61.1"
172.18.0.3 - - [04/Dec/2019:19:24:01 +0000] "POST /verify/active HTTP/1.1" 200 11 "-" "curl --insecure /7.61.1"
172.18.0.3 - - [04/Dec/2019:19:25:01 +0000] "POST /verify/active HTTP/1.1" 200 11 "-" "curl --insecure /7.61.1"
172.18.0.3 - - [04/Dec/2019:19:25:01 +0000] "POST /verify/queue HTTP/1.1" 200 5 "-" "curl --insecure /7.61.1"
172.18.0.3 - - [04/Dec/2019:19:26:01 +0000] "POST /verify/queue HTTP/1.1" 200 5 "-" "curl --insecure /7.61.1"
172.18.0.3 - - [04/Dec/2019:19:26:01 +0000] "POST /verify/active HTTP/1.1" 200 11 "-" "curl --insecure /7.61.1"
172.18.0.3 - - [04/Dec/2019:19:27:02 +0000] "POST /verify/queue HTTP/1.1" 200 5 "-" "curl --insecure /7.61.1"
172.18.0.3 - - [04/Dec/2019:19:27:02 +0000] "POST /verify/active HTTP/1.1" 200 11 "-" "curl --insecure /7.61.1"
172.18.0.3 - - [04/Dec/2019:19:28:01 +0000] "POST /verify/queue HTTP/1.1" 200 5 "-" "curl --insecure /7.61.1"
172.18.0.3 - - [04/Dec/2019:19:28:01 +0000] "POST /verify/active HTTP/1.1" 200 11 "-" "curl --insecure /7.61.1"
172.18.0.3 - - [04/Dec/2019:19:29:01 +0000] "POST /verify/queue HTTP/1.1" 200 5 "-" "curl --insecure /7.61.1"
172.18.0.3 - - [04/Dec/2019:19:29:01 +0000] "POST /verify/active HTTP/1.1" 200 11 "-" "curl --insecure /7.61.1"
172.18.0.3 - - [04/Dec/2019:19:30:01 +0000] "POST /verify/queue HTTP/1.1" 200 5 "-" "curl --insecure /7.61.1"
172.18.0.3 - - [04/Dec/2019:19:30:01 +0000] "POST /passive/index HTTP/1.1" 200 11 "-" "curl --insecure /7.61.1"
172.18.0.3 - - [04/Dec/2019:19:30:01 +0000] "POST /verify/active HTTP/1.1" 200 11 "-" "curl --insecure /7.61.1"
172.18.0.1 - - [04/Dec/2019:19:30:09 +0000] "POST /scan/nmap HTTP/1.1" 200 0 "-" "curl --insecure /7.64.1"
172.18.0.3 - - [04/Dec/2019:19:31:01 +0000] "POST /verify/queue HTTP/1.1" 200 5 "-" "curl --insecure /7.61.1"
172.18.0.3 - - [04/Dec/2019:19:31:01 +0000] "POST /verify/active HTTP/1.1" 200 11 "-" "curl --insecure /7.61.1"
172.18.0.1 - - [04/Dec/2019:19:32:01 +0000] "POST /scan/nmap HTTP/1.1" 200 0 "-" "curl --insecure /7.64.1"
172.18.0.3 - - [04/Dec/2019:19:32:01 +0000] "POST /verify/active HTTP/1.1" 200 11 "-" "curl --insecure /7.61.1"
172.18.0.3 - - [04/Dec/2019:19:32:01 +0000] "POST /verify/queue HTTP/1.1" 200 5 "-" "curl --insecure /7.61.1"
172.18.0.3 - - [04/Dec/2019:19:33:02 +0000] "POST /verify/active HTTP/1.1" 200 11 "-" "curl --insecure /7.61.1"
172.18.0.3 - - [04/Dec/2019:19:33:02 +0000] "POST /verify/queue HTTP/1.1" 200 5 "-" "curl --insecure /7.61.1"
172.18.0.3 - - [04/Dec/2019:19:34:01 +0000] "POST /verify/active HTTP/1.1" 200 11 "-" "curl --insecure /7.61.1"
172.18.0.3 - - [04/Dec/2019:19:34:01 +0000] "POST /verify/queue HTTP/1.1" 200 5 "-" "curl --insecure /7.61.1"
172.18.0.1 - - [04/Dec/2019:19:34:49 +0000] "POST /scan/nmap HTTP/1.1" 200 0 "-" "curl --insecure /7.64.1"
172.18.0.3 - - [04/Dec/2019:19:35:01 +0000] "POST /verify/queue HTTP/1.1" 200 5 "-" "curl --insecure /7.61.1"
172.18.0.3 - - [04/Dec/2019:19:35:01 +0000] "POST /verify/active HTTP/1.1" 200 11 "-" "curl --insecure /7.61.1"
172.18.0.1 - - [04/Dec/2019:19:35:42 +0000] "GET / HTTP/1.1" 200 33615 "-" "HomeNet/1.0"
172.18.0.3 - - [04/Dec/2019:19:36:01 +0000] "POST /verify/active HTTP/1.1" 200 11 "-" "curl --insecure /7.61.1"
172.18.0.3 - - [04/Dec/2019:19:36:01 +0000] "POST /verify/queue HTTP/1.1" 200 5 "-" "curl --insecure /7.61.1"
172.18.0.1 - - [04/Dec/2019:19:36:05 +0000] "POST /scan/nmap HTTP/1.1" 500 88867 "-" "curl --insecure /7.64.1"
172.18.0.3 - - [04/Dec/2019:19:37:01 +0000] "POST /verify/queue HTTP/1.1" 200 5 "-" "curl --insecure /7.61.1"
172.18.0.3 - - [04/Dec/2019:19:37:01 +0000] "POST /verify/active HTTP/1.1" 200 11 "-" "curl --insecure /7.61.1"
172.18.0.3 - - [04/Dec/2019:19:38:01 +0000] "POST /verify/queue HTTP/1.1" 200 5 "-" "curl --insecure /7.61.1"
172.18.0.3 - - [04/Dec/2019:19:38:01 +0000] "POST /verify/active HTTP/1.1" 200 11 "-" "curl --insecure /7.61.1"
172.18.0.1 - - [04/Dec/2019:19:38:46 +0000] "POST /scan/nmap HTTP/1.1" 200 0 "-" "curl --insecure /7.64.1"
172.18.0.3 - - [04/Dec/2019:19:39:02 +0000] "POST /verify/queue HTTP/1.1" 200 5 "-" "curl --insecure /7.61.1"
172.18.0.3 - - [04/Dec/2019:19:39:02 +0000] "POST /verify/active HTTP/1.1" 200 11 "-" "curl --insecure /7.61.1"
172.18.0.1 - - [04/Dec/2019:19:39:04 +0000] "GET / HTTP/1.1" 200 33814 "-" "Mozilla/5.0 (Macintosh; Intel Mac OS X 10.15; rv:70.0) Gecko/20100101 Firefox/70.0"
172.18.0.1 - - [04/Dec/2019:19:39:04 +0000] "GET /assets/f5c71a71/css/bootstrap.css HTTP/1.1" 304 0 "http://localhost/" "Mozilla/5.0 (Macintosh; Intel Mac OS X 10.15; rv:70.0) Gecko/20100101 Firefox/70.0"
172.18.0.1 - - [04/Dec/2019:19:39:04 +0000] "GET /assets/ba8aec2b/jquery.js HTTP/1.1" 304 0 "http://localhost/" "Mozilla/5.0 (Macintosh; Intel Mac OS X 10.15; rv:70.0) Gecko/20100101 Firefox/70.0"
172.18.0.1 - - [04/Dec/2019:19:39:04 +0000] "GET /assets/2997dfb9/yii.js HTTP/1.1" 304 0 "http://localhost/" "Mozilla/5.0 (Macintosh; Intel Mac OS X 10.15; rv:70.0) Gecko/20100101 Firefox/70.0"
172.18.0.1 - - [04/Dec/2019:19:39:04 +0000] "GET /assets/f5c71a71/js/bootstrap.js HTTP/1.1" 304 0 "http://localhost/" "Mozilla/5.0 (Macintosh; Intel Mac OS X 10.15; rv:70.0) Gecko/20100101 Firefox/70.0"
172.18.0.1 - - [04/Dec/2019:19:39:04 +0000] "GET /img/03.jpg HTTP/1.1" 200 113299 "http://localhost/css/style.css" "Mozilla/5.0 (Macintosh; Intel Mac OS X 10.15; rv:70.0) Gecko/20100101 Firefox/70.0"
172.18.0.1 - - [04/Dec/2019:19:39:04 +0000] "GET /fonts/font-awesome/fonts/fontawesome-webfont.woff2?v=4.3.0 HTTP/1.1" 200 56780 "http://localhost/fonts/font-awesome/css/font-awesome.css" "Mozilla/5.0 (Macintosh; Intel Mac OS X 10.15; rv:70.0) Gecko/20100101 Firefox/70.0"
172.18.0.1 - - [04/Dec/2019:19:39:05 +0000] "GET /debug/default/toolbar?tag=5de80b58694de HTTP/1.1" 200 7794 "http://localhost/" "Mozilla/5.0 (Macintosh; Intel Mac OS X 10.15; rv:70.0) Gecko/20100101 Firefox/70.0"
172.18.0.1 - - [04/Dec/2019:19:39:05 +0000] "GET /img/apple-touch-icon-114x114.png HTTP/1.1" 404 28164 "-" "Mozilla/5.0 (Macintosh; Intel Mac OS X 10.15; rv:70.0) Gecko/20100101 Firefox/70.0"
172.18.0.1 - - [04/Dec/2019:19:39:07 +0000] "GET /debug/default/view?panel=log&tag=5de80b58694de HTTP/1.1" 200 21504 "http://localhost/" "Mozilla/5.0 (Macintosh; Intel Mac OS X 10.15; rv:70.0) Gecko/20100101 Firefox/70.0"
172.18.0.1 - - [04/Dec/2019:19:39:07 +0000] "GET /assets/791d2592/css/main.css HTTP/1.1" 304 0 "http://localhost/debug/default/view?panel=log&tag=5de80b58694de" "Mozilla/5.0 (Macintosh; Intel Mac OS X 10.15; rv:70.0) Gecko/20100101 Firefox/70.0"
172.18.0.1 - - [04/Dec/2019:19:39:07 +0000] "GET /assets/791d2592/js/polyfill.min.js HTTP/1.1" 304 0 "http://localhost/debug/default/view?panel=log&tag=5de80b58694de" "Mozilla/5.0 (Macintosh; Intel Mac OS X 10.15; rv:70.0) Gecko/20100101 Firefox/70.0"
172.18.0.1 - - [04/Dec/2019:19:39:07 +0000] "GET /assets/791d2592/css/toolbar.css HTTP/1.1" 304 0 "http://localhost/debug/default/view?panel=log&tag=5de80b58694de" "Mozilla/5.0 (Macintosh; Intel Mac OS X 10.15; rv:70.0) Gecko/20100101 Firefox/70.0"
172.18.0.1 - - [04/Dec/2019:19:39:07 +0000] "GET /assets/2997dfb9/yii.gridView.js HTTP/1.1" 304 0 "http://localhost/debug/default/view?panel=log&tag=5de80b58694de" "Mozilla/5.0 (Macintosh; Intel Mac OS X 10.15; rv:70.0) Gecko/20100101 Firefox/70.0"
172.18.0.1 - - [04/Dec/2019:19:39:07 +0000] "GET /assets/791d2592/js/bs4-native.min.js HTTP/1.1" 304 0 "http://localhost/debug/default/view?panel=log&tag=5de80b58694de" "Mozilla/5.0 (Macintosh; Intel Mac OS X 10.15; rv:70.0) Gecko/20100101 Firefox/70.0"
172.18.0.1 - - [04/Dec/2019:19:39:10 +0000] "GET /debug/default/index HTTP/1.1" 200 28416 "http://localhost/debug/default/view?panel=log&tag=5de80b58694de" "Mozilla/5.0 (Macintosh; Intel Mac OS X 10.15; rv:70.0) Gecko/20100101 Firefox/70.0"
172.18.0.1 - - [04/Dec/2019:19:39:18 +0000] "GET /debug/default/view?tag=5de80b098d68a HTTP/1.1" 200 16301 "http://localhost/debug/default/index" "Mozilla/5.0 (Macintosh; Intel Mac OS X 10.15; rv:70.0) Gecko/20100101 Firefox/70.0"
172.18.0.1 - - [04/Dec/2019:19:39:23 +0000] "GET /debug/default/view?tag=5de80b098d68a&panel=request HTTP/1.1" 200 28863 "http://localhost/debug/default/view?tag=5de80b098d68a" "Mozilla/5.0 (Macintosh; Intel Mac OS X 10.15; rv:70.0) Gecko/20100101 Firefox/70.0"
172.18.0.1 - - [04/Dec/2019:19:39:35 +0000] "GET /debug/default/view?tag=5de80b098d68a&panel=event HTTP/1.1" 200 13660 "http://localhost/debug/default/view?tag=5de80b098d68a&panel=request" "Mozilla/5.0 (Macintosh; Intel Mac OS X 10.15; rv:70.0) Gecko/20100101 Firefox/70.0"
172.18.0.1 - - [04/Dec/2019:19:39:39 +0000] "GET /debug/default/view?tag=5de80b098d68a&panel=db HTTP/1.1" 200 13594 "http://localhost/debug/default/view?tag=5de80b098d68a&panel=event" "Mozilla/5.0 (Macintosh; Intel Mac OS X 10.15; rv:70.0) Gecko/20100101 Firefox/70.0"
172.18.0.1 - - [04/Dec/2019:19:39:39 +0000] "GET /assets/791d2592/js/db.js HTTP/1.1" 200 2672 "http://localhost/debug/default/view?tag=5de80b098d68a&panel=db" "Mozilla/5.0 (Macintosh; Intel Mac OS X 10.15; rv:70.0) Gecko/20100101 Firefox/70.0"
172.18.0.1 - - [04/Dec/2019:19:39:42 +0000] "GET /debug/default/view?tag=5de80b098d68a&panel=assets HTTP/1.1" 200 11844 "http://localhost/debug/default/view?tag=5de80b098d68a&panel=db" "Mozilla/5.0 (Macintosh; Intel Mac OS X 10.15; rv:70.0) Gecko/20100101 Firefox/70.0"
172.18.0.1 - - [04/Dec/2019:19:39:44 +0000] "GET /debug/default/view?tag=5de80b098d68a&panel=dump HTTP/1.1" 200 12980 "http://localhost/debug/default/view?tag=5de80b098d68a&panel=assets" "Mozilla/5.0 (Macintosh; Intel Mac OS X 10.15; rv:70.0) Gecko/20100101 Firefox/70.0"
