172.18.0.3 - - [04/Dec/2019:19:40:01 +0000] "POST /verify/queue HTTP/1.1" 200 5 "-" "curl --insecure /7.61.1"
172.18.0.3 - - [04/Dec/2019:19:40:01 +0000] "POST /verify/active HTTP/1.1" 200 11 "-" "curl --insecure /7.61.1"
172.18.0.3 - - [04/Dec/2019:19:40:01 +0000] "POST /passive/index HTTP/1.1" 200 11 "-" "curl --insecure /7.61.1"
172.18.0.3 - - [04/Dec/2019:19:41:01 +0000] "POST /verify/queue HTTP/1.1" 200 5 "-" "curl --insecure /7.61.1"
172.18.0.3 - - [04/Dec/2019:19:41:01 +0000] "POST /verify/active HTTP/1.1" 200 11 "-" "curl --insecure /7.61.1"
172.18.0.3 - - [04/Dec/2019:19:42:01 +0000] "POST /verify/queue HTTP/1.1" 200 5 "-" "curl --insecure /7.61.1"
172.18.0.3 - - [04/Dec/2019:19:42:01 +0000] "POST /verify/active HTTP/1.1" 200 11 "-" "curl --insecure /7.61.1"
172.18.0.1 - - [04/Dec/2019:19:42:39 +0000] "POST /scan/nmap HTTP/1.1" 200 0 "-" "curl --insecure /7.64.1"
172.18.0.3 - - [04/Dec/2019:19:43:01 +0000] "POST /verify/active HTTP/1.1" 200 11 "-" "curl --insecure /7.61.1"
172.18.0.3 - - [04/Dec/2019:19:43:01 +0000] "POST /verify/queue HTTP/1.1" 200 5 "-" "curl --insecure /7.61.1"
172.18.0.3 - - [04/Dec/2019:19:44:01 +0000] "POST /verify/queue HTTP/1.1" 200 5 "-" "curl --insecure /7.61.1"
172.18.0.3 - - [04/Dec/2019:19:44:02 +0000] "POST /verify/active HTTP/1.1" 200 11 "-" "curl --insecure /7.61.1"
172.18.0.1 - - [04/Dec/2019:19:44:03 +0000] "POST /scan/nmap HTTP/1.1" 200 0 "-" "curl --insecure /7.64.1"
172.18.0.3 - - [04/Dec/2019:19:45:01 +0000] "POST /verify/active HTTP/1.1" 200 11 "-" "curl --insecure /7.61.1"
172.18.0.3 - - [04/Dec/2019:19:45:01 +0000] "POST /verify/queue HTTP/1.1" 200 5 "-" "curl --insecure /7.61.1"
172.18.0.1 - - [04/Dec/2019:19:45:39 +0000] "POST /scan/nmap HTTP/1.1" 200 0 "-" "curl --insecure /7.64.1"
172.18.0.3 - - [04/Dec/2019:19:46:01 +0000] "POST /verify/queue HTTP/1.1" 200 5 "-" "curl --insecure /7.61.1"
172.18.0.3 - - [04/Dec/2019:19:46:01 +0000] "POST /verify/active HTTP/1.1" 200 11 "-" "curl --insecure /7.61.1"
172.18.0.3 - - [04/Dec/2019:19:47:01 +0000] "POST /verify/active HTTP/1.1" 200 11 "-" "curl --insecure /7.61.1"
172.18.0.3 - - [04/Dec/2019:19:47:01 +0000] "POST /verify/queue HTTP/1.1" 200 5 "-" "curl --insecure /7.61.1"
172.18.0.1 - - [04/Dec/2019:19:47:23 +0000] "POST /scan/nmap HTTP/1.1" 200 0 "-" "curl --insecure /7.64.1"
172.18.0.3 - - [04/Dec/2019:19:48:01 +0000] "POST /verify/active HTTP/1.1" 200 11 "-" "curl --insecure /7.61.1"
172.18.0.3 - - [04/Dec/2019:19:48:01 +0000] "POST /verify/queue HTTP/1.1" 200 5 "-" "curl --insecure /7.61.1"
172.18.0.3 - - [04/Dec/2019:19:49:01 +0000] "POST /verify/queue HTTP/1.1" 200 5 "-" "curl --insecure /7.61.1"
172.18.0.3 - - [04/Dec/2019:19:49:02 +0000] "POST /verify/active HTTP/1.1" 200 11 "-" "curl --insecure /7.61.1"
172.18.0.3 - - [04/Dec/2019:19:50:01 +0000] "POST /verify/active HTTP/1.1" 200 11 "-" "curl --insecure /7.61.1"
172.18.0.3 - - [04/Dec/2019:19:50:01 +0000] "POST /passive/index HTTP/1.1" 200 11 "-" "curl --insecure /7.61.1"
172.18.0.3 - - [04/Dec/2019:19:50:01 +0000] "POST /verify/queue HTTP/1.1" 200 5 "-" "curl --insecure /7.61.1"
172.18.0.1 - - [04/Dec/2019:19:50:23 +0000] "POST /scan/nmap HTTP/1.1" 200 0 "-" "curl --insecure /7.64.1"
172.18.0.3 - - [04/Dec/2019:19:51:01 +0000] "POST /verify/queue HTTP/1.1" 200 5 "-" "curl --insecure /7.61.1"
172.18.0.3 - - [04/Dec/2019:19:51:01 +0000] "POST /verify/active HTTP/1.1" 200 11 "-" "curl --insecure /7.61.1"
172.18.0.3 - - [04/Dec/2019:19:52:01 +0000] "POST /verify/queue HTTP/1.1" 200 5 "-" "curl --insecure /7.61.1"
172.18.0.3 - - [04/Dec/2019:19:52:01 +0000] "POST /verify/active HTTP/1.1" 200 11 "-" "curl --insecure /7.61.1"
172.18.0.3 - - [04/Dec/2019:19:53:01 +0000] "POST /verify/queue HTTP/1.1" 200 5 "-" "curl --insecure /7.61.1"
172.18.0.3 - - [04/Dec/2019:19:53:01 +0000] "POST /verify/active HTTP/1.1" 200 11 "-" "curl --insecure /7.61.1"
172.18.0.1 - - [04/Dec/2019:19:53:11 +0000] "POST /scan/nmap HTTP/1.1" 200 0 "-" "curl --insecure /7.64.1"
172.18.0.3 - - [04/Dec/2019:19:54:02 +0000] "POST /verify/queue HTTP/1.1" 200 5 "-" "curl --insecure /7.61.1"
172.18.0.3 - - [04/Dec/2019:19:54:02 +0000] "POST /verify/active HTTP/1.1" 200 11 "-" "curl --insecure /7.61.1"
172.18.0.3 - - [04/Dec/2019:19:55:01 +0000] "POST /verify/active HTTP/1.1" 200 11 "-" "curl --insecure /7.61.1"
172.18.0.3 - - [04/Dec/2019:19:55:01 +0000] "POST /verify/queue HTTP/1.1" 200 5 "-" "curl --insecure /7.61.1"
172.18.0.1 - - [04/Dec/2019:19:55:44 +0000] "POST /scan/nmap HTTP/1.1" 200 0 "-" "curl --insecure /7.64.1"
172.18.0.3 - - [04/Dec/2019:19:56:01 +0000] "POST /verify/queue HTTP/1.1" 200 5 "-" "curl --insecure /7.61.1"
172.18.0.3 - - [04/Dec/2019:19:56:01 +0000] "POST /verify/active HTTP/1.1" 200 11 "-" "curl --insecure /7.61.1"
172.18.0.3 - - [04/Dec/2019:19:57:01 +0000] "POST /verify/active HTTP/1.1" 200 11 "-" "curl --insecure /7.61.1"
172.18.0.3 - - [04/Dec/2019:19:57:01 +0000] "POST /verify/queue HTTP/1.1" 200 5 "-" "curl --insecure /7.61.1"
172.18.0.3 - - [04/Dec/2019:19:58:01 +0000] "POST /verify/queue HTTP/1.1" 200 5 "-" "curl --insecure /7.61.1"
172.18.0.3 - - [04/Dec/2019:19:58:01 +0000] "POST /verify/active HTTP/1.1" 200 11 "-" "curl --insecure /7.61.1"
172.18.0.3 - - [04/Dec/2019:19:59:01 +0000] "POST /verify/queue HTTP/1.1" 200 5 "-" "curl --insecure /7.61.1"
172.18.0.3 - - [04/Dec/2019:19:59:01 +0000] "POST /verify/active HTTP/1.1" 200 11 "-" "curl --insecure /7.61.1"
172.18.0.1 - - [04/Dec/2019:19:59:03 +0000] "POST /scan/nmap HTTP/1.1" 200 0 "-" "curl --insecure /7.64.1"
172.18.0.3 - - [04/Dec/2019:20:00:02 +0000] "POST /verify/active HTTP/1.1" 200 11 "-" "curl --insecure /7.61.1"
172.18.0.3 - - [04/Dec/2019:20:00:02 +0000] "POST /verify/queue HTTP/1.1" 200 5 "-" "curl --insecure /7.61.1"
172.18.0.3 - - [04/Dec/2019:20:00:02 +0000] "POST /passive/index HTTP/1.1" 200 11 "-" "curl --insecure /7.61.1"
172.18.0.3 - - [04/Dec/2019:20:01:01 +0000] "POST /verify/queue HTTP/1.1" 200 5 "-" "curl --insecure /7.61.1"
172.18.0.3 - - [04/Dec/2019:20:01:01 +0000] "POST /verify/active HTTP/1.1" 200 11 "-" "curl --insecure /7.61.1"
172.18.0.3 - - [04/Dec/2019:20:02:01 +0000] "POST /verify/queue HTTP/1.1" 200 5 "-" "curl --insecure /7.61.1"
172.18.0.3 - - [04/Dec/2019:20:02:01 +0000] "POST /verify/active HTTP/1.1" 200 11 "-" "curl --insecure /7.61.1"
172.18.0.3 - - [04/Dec/2019:20:03:01 +0000] "POST /verify/active HTTP/1.1" 200 11 "-" "curl --insecure /7.61.1"
172.18.0.3 - - [04/Dec/2019:20:03:01 +0000] "POST /verify/queue HTTP/1.1" 200 5 "-" "curl --insecure /7.61.1"
172.18.0.1 - - [04/Dec/2019:20:03:48 +0000] "GET / HTTP/1.1" 500 112921 "-" "Mozilla/5.0 (Macintosh; Intel Mac OS X 10.15; rv:70.0) Gecko/20100101 Firefox/70.0"
172.18.0.3 - - [04/Dec/2019:20:04:01 +0000] "POST /verify/queue HTTP/1.1" 200 5 "-" "curl --insecure /7.61.1"
172.18.0.3 - - [04/Dec/2019:20:04:01 +0000] "POST /verify/active HTTP/1.1" 200 11 "-" "curl --insecure /7.61.1"
172.18.0.4 - - [04/Dec/2019:20:07:02 +0000] "POST /verify/queue HTTP/1.1" 200 5 "-" "curl --insecure /7.61.1"
172.18.0.4 - - [04/Dec/2019:20:07:02 +0000] "POST /verify/active HTTP/1.1" 200 11 "-" "curl --insecure /7.61.1"
172.18.0.4 - - [04/Dec/2019:20:08:01 +0000] "POST /verify/queue HTTP/1.1" 200 5 "-" "curl --insecure /7.61.1"
172.18.0.4 - - [04/Dec/2019:20:08:01 +0000] "POST /verify/active HTTP/1.1" 200 11 "-" "curl --insecure /7.61.1"
172.18.0.4 - - [04/Dec/2019:20:09:01 +0000] "POST /verify/active HTTP/1.1" 200 11 "-" "curl --insecure /7.61.1"
172.18.0.4 - - [04/Dec/2019:20:09:01 +0000] "POST /verify/queue HTTP/1.1" 200 5 "-" "curl --insecure /7.61.1"
172.18.0.4 - - [04/Dec/2019:20:10:01 +0000] "POST /verify/active HTTP/1.1" 200 11 "-" "curl --insecure /7.61.1"
172.18.0.4 - - [04/Dec/2019:20:10:01 +0000] "POST /verify/queue HTTP/1.1" 200 5 "-" "curl --insecure /7.61.1"
172.18.0.4 - - [04/Dec/2019:20:10:01 +0000] "POST /passive/index HTTP/1.1" 200 11 "-" "curl --insecure /7.61.1"
172.18.0.4 - - [04/Dec/2019:20:11:01 +0000] "POST /verify/queue HTTP/1.1" 200 5 "-" "curl --insecure /7.61.1"
172.18.0.4 - - [04/Dec/2019:20:11:01 +0000] "POST /verify/active HTTP/1.1" 200 11 "-" "curl --insecure /7.61.1"
172.18.0.4 - - [04/Dec/2019:20:12:01 +0000] "POST /verify/queue HTTP/1.1" 200 5 "-" "curl --insecure /7.61.1"
172.18.0.4 - - [04/Dec/2019:20:12:01 +0000] "POST /verify/active HTTP/1.1" 200 11 "-" "curl --insecure /7.61.1"
172.18.0.4 - - [04/Dec/2019:20:13:02 +0000] "POST /verify/queue HTTP/1.1" 200 5 "-" "curl --insecure /7.61.1"
172.18.0.4 - - [04/Dec/2019:20:13:02 +0000] "POST /verify/active HTTP/1.1" 200 11 "-" "curl --insecure /7.61.1"
172.18.0.4 - - [04/Dec/2019:20:14:01 +0000] "POST /verify/queue HTTP/1.1" 200 5 "-" "curl --insecure /7.61.1"
172.18.0.4 - - [04/Dec/2019:20:14:01 +0000] "POST /verify/active HTTP/1.1" 200 11 "-" "curl --insecure /7.61.1"
172.18.0.1 - - [04/Dec/2019:20:14:45 +0000] "GET / HTTP/1.1" 200 33814 "-" "Mozilla/5.0 (Macintosh; Intel Mac OS X 10.15; rv:70.0) Gecko/20100101 Firefox/70.0"
172.18.0.1 - - [04/Dec/2019:20:14:45 +0000] "GET /css/site.css HTTP/1.1" 304 0 "http://localhost/" "Mozilla/5.0 (Macintosh; Intel Mac OS X 10.15; rv:70.0) Gecko/20100101 Firefox/70.0"
172.18.0.1 - - [04/Dec/2019:20:14:45 +0000] "GET /fonts/font-awesome/css/font-awesome.css HTTP/1.1" 304 0 "http://localhost/" "Mozilla/5.0 (Macintosh; Intel Mac OS X 10.15; rv:70.0) Gecko/20100101 Firefox/70.0"
172.18.0.1 - - [04/Dec/2019:20:14:45 +0000] "GET /assets/f5c71a71/css/bootstrap.css HTTP/1.1" 304 0 "http://localhost/" "Mozilla/5.0 (Macintosh; Intel Mac OS X 10.15; rv:70.0) Gecko/20100101 Firefox/70.0"
172.18.0.1 - - [04/Dec/2019:20:14:45 +0000] "GET /css/style.css HTTP/1.1" 304 0 "http://localhost/" "Mozilla/5.0 (Macintosh; Intel Mac OS X 10.15; rv:70.0) Gecko/20100101 Firefox/70.0"
172.18.0.1 - - [04/Dec/2019:20:14:45 +0000] "GET /css/bootstrap.css HTTP/1.1" 304 0 "http://localhost/" "Mozilla/5.0 (Macintosh; Intel Mac OS X 10.15; rv:70.0) Gecko/20100101 Firefox/70.0"
172.18.0.1 - - [04/Dec/2019:20:14:45 +0000] "GET /assets/f5c71a71/js/bootstrap.js HTTP/1.1" 304 0 "http://localhost/" "Mozilla/5.0 (Macintosh; Intel Mac OS X 10.15; rv:70.0) Gecko/20100101 Firefox/70.0"
172.18.0.1 - - [04/Dec/2019:20:14:45 +0000] "GET /assets/ba8aec2b/jquery.js HTTP/1.1" 304 0 "http://localhost/" "Mozilla/5.0 (Macintosh; Intel Mac OS X 10.15; rv:70.0) Gecko/20100101 Firefox/70.0"
172.18.0.1 - - [04/Dec/2019:20:14:45 +0000] "GET /assets/2997dfb9/yii.js HTTP/1.1" 304 0 "http://localhost/" "Mozilla/5.0 (Macintosh; Intel Mac OS X 10.15; rv:70.0) Gecko/20100101 Firefox/70.0"
172.18.0.1 - - [04/Dec/2019:20:14:45 +0000] "GET /img/02.png HTTP/1.1" 200 166325 "http://localhost/" "Mozilla/5.0 (Macintosh; Intel Mac OS X 10.15; rv:70.0) Gecko/20100101 Firefox/70.0"
172.18.0.1 - - [04/Dec/2019:20:14:46 +0000] "GET /img/03.jpg HTTP/1.1" 200 113299 "http://localhost/css/style.css" "Mozilla/5.0 (Macintosh; Intel Mac OS X 10.15; rv:70.0) Gecko/20100101 Firefox/70.0"
172.18.0.1 - - [04/Dec/2019:20:14:46 +0000] "GET /img/05.jpg HTTP/1.1" 304 0 "http://localhost/css/style.css" "Mozilla/5.0 (Macintosh; Intel Mac OS X 10.15; rv:70.0) Gecko/20100101 Firefox/70.0"
172.18.0.1 - - [04/Dec/2019:20:14:46 +0000] "GET /img/01.jpg HTTP/1.1" 304 0 "http://localhost/css/style.css" "Mozilla/5.0 (Macintosh; Intel Mac OS X 10.15; rv:70.0) Gecko/20100101 Firefox/70.0"
172.18.0.1 - - [04/Dec/2019:20:14:46 +0000] "GET /fonts/font-awesome/fonts/fontawesome-webfont.woff2?v=4.3.0 HTTP/1.1" 304 0 "http://localhost/fonts/font-awesome/css/font-awesome.css" "Mozilla/5.0 (Macintosh; Intel Mac OS X 10.15; rv:70.0) Gecko/20100101 Firefox/70.0"
172.18.0.1 - - [04/Dec/2019:20:14:46 +0000] "GET /debug/default/toolbar?tag=5de813b5767ba HTTP/1.1" 200 7794 "http://localhost/" "Mozilla/5.0 (Macintosh; Intel Mac OS X 10.15; rv:70.0) Gecko/20100101 Firefox/70.0"
172.18.0.1 - - [04/Dec/2019:20:14:52 +0000] "GET /site/profile HTTP/1.1" 200 42023 "http://localhost/" "Mozilla/5.0 (Macintosh; Intel Mac OS X 10.15; rv:70.0) Gecko/20100101 Firefox/70.0"
172.18.0.1 - - [04/Dec/2019:20:14:52 +0000] "GET /assets/2997dfb9/yii.activeForm.js HTTP/1.1" 304 0 "http://localhost/site/profile" "Mozilla/5.0 (Macintosh; Intel Mac OS X 10.15; rv:70.0) Gecko/20100101 Firefox/70.0"
172.18.0.1 - - [04/Dec/2019:20:14:53 +0000] "GET /debug/default/toolbar?tag=5de813bcb37e7 HTTP/1.1" 200 7800 "http://localhost/site/profile" "Mozilla/5.0 (Macintosh; Intel Mac OS X 10.15; rv:70.0) Gecko/20100101 Firefox/70.0"
172.18.0.1 - - [04/Dec/2019:20:14:53 +0000] "GET /site/newscan HTTP/1.1" 200 83211 "http://localhost/site/profile" "Mozilla/5.0 (Macintosh; Intel Mac OS X 10.15; rv:70.0) Gecko/20100101 Firefox/70.0"
172.18.0.1 - - [04/Dec/2019:20:14:53 +0000] "GET /assets/2997dfb9/yii.validation.js HTTP/1.1" 304 0 "http://localhost/site/newscan" "Mozilla/5.0 (Macintosh; Intel Mac OS X 10.15; rv:70.0) Gecko/20100101 Firefox/70.0"
172.18.0.1 - - [04/Dec/2019:20:14:53 +0000] "GET /assets/2997dfb9/yii.captcha.js HTTP/1.1" 304 0 "http://localhost/site/newscan" "Mozilla/5.0 (Macintosh; Intel Mac OS X 10.15; rv:70.0) Gecko/20100101 Firefox/70.0"
172.18.0.1 - - [04/Dec/2019:20:14:53 +0000] "GET /site/captcha?v=5de813bdce5fe8.80095445 HTTP/1.1" 200 2883 "http://localhost/site/newscan" "Mozilla/5.0 (Macintosh; Intel Mac OS X 10.15; rv:70.0) Gecko/20100101 Firefox/70.0"
172.18.0.1 - - [04/Dec/2019:20:14:54 +0000] "GET /debug/default/toolbar?tag=5de813bdbea7f HTTP/1.1" 200 7796 "http://localhost/site/newscan" "Mozilla/5.0 (Macintosh; Intel Mac OS X 10.15; rv:70.0) Gecko/20100101 Firefox/70.0"
172.18.0.4 - - [04/Dec/2019:20:15:01 +0000] "POST /verify/queue HTTP/1.1" 200 5 "-" "curl --insecure /7.61.1"
172.18.0.4 - - [04/Dec/2019:20:15:01 +0000] "POST /verify/active HTTP/1.1" 200 11 "-" "curl --insecure /7.61.1"
172.18.0.1 - - [04/Dec/2019:20:15:04 +0000] "POST /site/newscan HTTP/1.1" 302 5 "http://localhost/site/newscan" "Mozilla/5.0 (Macintosh; Intel Mac OS X 10.15; rv:70.0) Gecko/20100101 Firefox/70.0"
172.18.0.1 - - [04/Dec/2019:20:15:04 +0000] "GET /site/profile HTTP/1.1" 200 43927 "http://localhost/site/newscan" "Mozilla/5.0 (Macintosh; Intel Mac OS X 10.15; rv:70.0) Gecko/20100101 Firefox/70.0"
172.18.0.1 - - [04/Dec/2019:20:15:04 +0000] "GET /debug/default/toolbar?tag=5de813c824bc9 HTTP/1.1" 200 7800 "http://localhost/site/profile" "Mozilla/5.0 (Macintosh; Intel Mac OS X 10.15; rv:70.0) Gecko/20100101 Firefox/70.0"
172.18.0.4 - - [04/Dec/2019:20:16:01 +0000] "POST /verify/active HTTP/1.1" 200 11 "-" "curl --insecure /7.61.1"
172.18.0.4 - - [04/Dec/2019:20:16:01 +0000] "POST /verify/queue HTTP/1.1" 200 5 "-" "curl --insecure /7.61.1"
172.18.0.4 - - [04/Dec/2019:20:17:01 +0000] "POST /verify/queue HTTP/1.1" 200 5 "-" "curl --insecure /7.61.1"
172.18.0.4 - - [04/Dec/2019:20:17:01 +0000] "POST /verify/active HTTP/1.1" 200 11 "-" "curl --insecure /7.61.1"
172.18.0.4 - - [04/Dec/2019:20:18:02 +0000] "POST /verify/queue HTTP/1.1" 200 5 "-" "curl --insecure /7.61.1"
172.18.0.4 - - [04/Dec/2019:20:18:02 +0000] "POST /verify/active HTTP/1.1" 200 11 "-" "curl --insecure /7.61.1"
172.18.0.4 - - [04/Dec/2019:20:19:01 +0000] "POST /verify/queue HTTP/1.1" 200 5 "-" "curl --insecure /7.61.1"
172.18.0.4 - - [04/Dec/2019:20:19:01 +0000] "POST /verify/active HTTP/1.1" 200 11 "-" "curl --insecure /7.61.1"
172.18.0.1 - - [04/Dec/2019:20:19:16 +0000] "GET /site/profile HTTP/1.1" 200 43660 "http://localhost/site/profile" "Mozilla/5.0 (Macintosh; Intel Mac OS X 10.15; rv:70.0) Gecko/20100101 Firefox/70.0"
172.18.0.1 - - [04/Dec/2019:20:19:17 +0000] "GET /debug/default/toolbar?tag=5de814c4cb4a6 HTTP/1.1" 200 7800 "http://localhost/site/profile" "Mozilla/5.0 (Macintosh; Intel Mac OS X 10.15; rv:70.0) Gecko/20100101 Firefox/70.0"
172.18.0.4 - - [04/Dec/2019:20:20:01 +0000] "POST /passive/index HTTP/1.1" 200 11 "-" "curl --insecure /7.61.1"
172.18.0.4 - - [04/Dec/2019:20:20:01 +0000] "POST /verify/queue HTTP/1.1" 200 5 "-" "curl --insecure /7.61.1"
172.18.0.4 - - [04/Dec/2019:20:20:01 +0000] "POST /verify/active HTTP/1.1" 200 11 "-" "curl --insecure /7.61.1"
172.18.0.1 - - [04/Dec/2019:20:20:01 +0000] "GET /site/profile HTTP/1.1" 200 43660 "http://localhost/site/profile" "Mozilla/5.0 (Macintosh; Intel Mac OS X 10.15; rv:70.0) Gecko/20100101 Firefox/70.0"
172.18.0.1 - - [04/Dec/2019:20:20:01 +0000] "GET /debug/default/toolbar?tag=5de814f119e6d HTTP/1.1" 200 7800 "http://localhost/site/profile" "Mozilla/5.0 (Macintosh; Intel Mac OS X 10.15; rv:70.0) Gecko/20100101 Firefox/70.0"
172.18.0.1 - - [04/Dec/2019:20:20:01 +0000] "GET /favicon.ico HTTP/1.1" 200 318 "-" "Mozilla/5.0 (Macintosh; Intel Mac OS X 10.15; rv:70.0) Gecko/20100101 Firefox/70.0"
172.18.0.1 - - [04/Dec/2019:20:20:03 +0000] "GET /debug/default/view?panel=log&tag=5de814f119e6d HTTP/1.1" 200 28195 "http://localhost/site/profile" "Mozilla/5.0 (Macintosh; Intel Mac OS X 10.15; rv:70.0) Gecko/20100101 Firefox/70.0"
172.18.0.1 - - [04/Dec/2019:20:20:05 +0000] "GET /debug/default/index HTTP/1.1" 200 27644 "http://localhost/debug/default/view?panel=log&tag=5de814f119e6d" "Mozilla/5.0 (Macintosh; Intel Mac OS X 10.15; rv:70.0) Gecko/20100101 Firefox/70.0"
172.18.0.1 - - [04/Dec/2019:20:20:19 +0000] "GET /debug/default/view?tag=5de813c7e95f8 HTTP/1.1" 200 27053 "http://localhost/debug/default/index" "Mozilla/5.0 (Macintosh; Intel Mac OS X 10.15; rv:70.0) Gecko/20100101 Firefox/70.0"
172.18.0.4 - - [04/Dec/2019:20:21:01 +0000] "POST /verify/queue HTTP/1.1" 200 5 "-" "curl --insecure /7.61.1"
172.18.0.4 - - [04/Dec/2019:20:21:01 +0000] "POST /verify/active HTTP/1.1" 200 11 "-" "curl --insecure /7.61.1"
172.18.0.4 - - [04/Dec/2019:20:27:02 +0000] "POST /verify/queue HTTP/1.1" 200 5 "-" "curl --insecure /7.61.1"
172.18.0.4 - - [04/Dec/2019:20:27:02 +0000] "POST /verify/active HTTP/1.1" 200 11 "-" "curl --insecure /7.61.1"
172.18.0.4 - - [04/Dec/2019:20:28:02 +0000] "POST /verify/queue HTTP/1.1" 200 5 "-" "curl --insecure /7.61.1"
172.18.0.4 - - [04/Dec/2019:20:28:02 +0000] "POST /verify/active HTTP/1.1" 200 11 "-" "curl --insecure /7.61.1"
172.18.0.4 - - [04/Dec/2019:20:29:01 +0000] "POST /verify/queue HTTP/1.1" 200 5 "-" "curl --insecure /7.61.1"
172.18.0.4 - - [04/Dec/2019:20:29:01 +0000] "POST /verify/active HTTP/1.1" 200 11 "-" "curl --insecure /7.61.1"
172.18.0.1 - - [04/Dec/2019:20:33:29 +0000] "GET /site/newscan HTTP/1.1" 200 83211 "http://localhost/site/profile" "Mozilla/5.0 (Macintosh; Intel Mac OS X 10.15; rv:70.0) Gecko/20100101 Firefox/70.0"
172.18.0.1 - - [04/Dec/2019:20:33:29 +0000] "GET /site/captcha?v=5de8181965c351.58128032 HTTP/1.1" 200 2614 "http://localhost/site/newscan" "Mozilla/5.0 (Macintosh; Intel Mac OS X 10.15; rv:70.0) Gecko/20100101 Firefox/70.0"
172.18.0.1 - - [04/Dec/2019:20:33:29 +0000] "GET /debug/default/toolbar?tag=5de818192fe01 HTTP/1.1" 200 7798 "http://localhost/site/newscan" "Mozilla/5.0 (Macintosh; Intel Mac OS X 10.15; rv:70.0) Gecko/20100101 Firefox/70.0"
172.18.0.1 - - [04/Dec/2019:20:33:29 +0000] "GET /favicon.ico HTTP/1.1" 200 318 "-" "Mozilla/5.0 (Macintosh; Intel Mac OS X 10.15; rv:70.0) Gecko/20100101 Firefox/70.0"
172.18.0.1 - - [04/Dec/2019:20:33:40 +0000] "POST /site/newscan HTTP/1.1" 302 5 "http://localhost/site/newscan" "Mozilla/5.0 (Macintosh; Intel Mac OS X 10.15; rv:70.0) Gecko/20100101 Firefox/70.0"
172.18.0.1 - - [04/Dec/2019:20:33:41 +0000] "GET /site/profile HTTP/1.1" 200 45859 "http://localhost/site/newscan" "Mozilla/5.0 (Macintosh; Intel Mac OS X 10.15; rv:70.0) Gecko/20100101 Firefox/70.0"
172.18.0.1 - - [04/Dec/2019:20:33:41 +0000] "GET /debug/default/toolbar?tag=5de8182503a4c HTTP/1.1" 200 7800 "http://localhost/site/profile" "Mozilla/5.0 (Macintosh; Intel Mac OS X 10.15; rv:70.0) Gecko/20100101 Firefox/70.0"
172.18.0.1 - - [04/Dec/2019:20:33:45 +0000] "POST /scan/delete HTTP/1.1" 200 11 "http://localhost/site/profile" "Mozilla/5.0 (Macintosh; Intel Mac OS X 10.15; rv:70.0) Gecko/20100101 Firefox/70.0"
172.18.0.1 - - [04/Dec/2019:20:33:46 +0000] "POST /scan/delete HTTP/1.1" 200 11 "http://localhost/site/profile" "Mozilla/5.0 (Macintosh; Intel Mac OS X 10.15; rv:70.0) Gecko/20100101 Firefox/70.0"
172.18.0.1 - - [04/Dec/2019:20:33:47 +0000] "POST /scan/delete HTTP/1.1" 200 11 "http://localhost/site/profile" "Mozilla/5.0 (Macintosh; Intel Mac OS X 10.15; rv:70.0) Gecko/20100101 Firefox/70.0"
172.18.0.1 - - [04/Dec/2019:20:33:48 +0000] "POST /scan/delete HTTP/1.1" 200 11 "http://localhost/site/profile" "Mozilla/5.0 (Macintosh; Intel Mac OS X 10.15; rv:70.0) Gecko/20100101 Firefox/70.0"
172.18.0.1 - - [04/Dec/2019:20:33:48 +0000] "POST /scan/delete HTTP/1.1" 200 11 "http://localhost/site/profile" "Mozilla/5.0 (Macintosh; Intel Mac OS X 10.15; rv:70.0) Gecko/20100101 Firefox/70.0"
172.18.0.1 - - [04/Dec/2019:20:33:54 +0000] "GET /site/profile HTTP/1.1" 200 37056 "http://localhost/site/profile" "Mozilla/5.0 (Macintosh; Intel Mac OS X 10.15; rv:70.0) Gecko/20100101 Firefox/70.0"
172.18.0.1 - - [04/Dec/2019:20:33:55 +0000] "GET /debug/default/toolbar?tag=5de81832c742f HTTP/1.1" 200 7800 "http://localhost/site/profile" "Mozilla/5.0 (Macintosh; Intel Mac OS X 10.15; rv:70.0) Gecko/20100101 Firefox/70.0"
172.18.0.1 - - [04/Dec/2019:20:33:56 +0000] "GET /debug/default/view?panel=log&tag=5de81832c742f HTTP/1.1" 200 28300 "http://localhost/site/profile" "Mozilla/5.0 (Macintosh; Intel Mac OS X 10.15; rv:70.0) Gecko/20100101 Firefox/70.0"
172.18.0.1 - - [04/Dec/2019:20:33:59 +0000] "GET /debug/default/index HTTP/1.1" 200 28228 "http://localhost/debug/default/view?panel=log&tag=5de81832c742f" "Mozilla/5.0 (Macintosh; Intel Mac OS X 10.15; rv:70.0) Gecko/20100101 Firefox/70.0"
172.18.0.2 - - [04/Dec/2019:20:34:01 +0000] "POST /verify/active HTTP/1.1" 200 11 "-" "curl --insecure /7.61.1"
172.18.0.2 - - [04/Dec/2019:20:34:01 +0000] "POST /verify/queue HTTP/1.1" 200 5 "-" "curl --insecure /7.61.1"
172.18.0.1 - - [04/Dec/2019:20:34:23 +0000] "GET /debug/default/view?panel=log&tag=5de81832c742f HTTP/1.1" 200 28265 "http://localhost/site/profile" "Mozilla/5.0 (Macintosh; Intel Mac OS X 10.15; rv:70.0) Gecko/20100101 Firefox/70.0"
172.18.0.1 - - [04/Dec/2019:20:34:26 +0000] "GET /debug/default/index HTTP/1.1" 200 27853 "http://localhost/debug/default/view?panel=log&tag=5de81832c742f" "Mozilla/5.0 (Macintosh; Intel Mac OS X 10.15; rv:70.0) Gecko/20100101 Firefox/70.0"
172.18.0.1 - - [04/Dec/2019:20:35:00 +0000] "GET /debug/default/view?panel=log&tag=5de81832c742f HTTP/1.1" 200 28265 "http://localhost/site/profile" "Mozilla/5.0 (Macintosh; Intel Mac OS X 10.15; rv:70.0) Gecko/20100101 Firefox/70.0"
172.18.0.2 - - [04/Dec/2019:20:35:01 +0000] "POST /verify/queue HTTP/1.1" 200 5 "-" "curl --insecure /7.61.1"
172.18.0.2 - - [04/Dec/2019:20:35:01 +0000] "POST /verify/active HTTP/1.1" 200 11 "-" "curl --insecure /7.61.1"
172.18.0.1 - - [04/Dec/2019:20:35:03 +0000] "GET /debug/default/index HTTP/1.1" 200 27339 "http://localhost/debug/default/view?panel=log&tag=5de81832c742f" "Mozilla/5.0 (Macintosh; Intel Mac OS X 10.15; rv:70.0) Gecko/20100101 Firefox/70.0"
172.18.0.1 - - [04/Dec/2019:20:54:47 +0000] "GET /assets/ba8aec2b/jquery.js HTTP/1.1" 304 0 "http://localhost/site/newscan" "Mozilla/5.0 (Macintosh; Intel Mac OS X 10.15; rv:70.0) Gecko/20100101 Firefox/70.0"
172.18.0.1 - - [04/Dec/2019:20:54:47 +0000] "GET /assets/2997dfb9/yii.validation.js HTTP/1.1" 304 0 "http://localhost/site/newscan" "Mozilla/5.0 (Macintosh; Intel Mac OS X 10.15; rv:70.0) Gecko/20100101 Firefox/70.0"
172.18.0.1 - - [04/Dec/2019:20:54:47 +0000] "GET /js/newscan.js HTTP/1.1" 304 0 "http://localhost/site/newscan" "Mozilla/5.0 (Macintosh; Intel Mac OS X 10.15; rv:70.0) Gecko/20100101 Firefox/70.0"
172.18.0.1 - - [04/Dec/2019:20:54:47 +0000] "GET /assets/2997dfb9/yii.js HTTP/1.1" 304 0 "http://localhost/site/newscan" "Mozilla/5.0 (Macintosh; Intel Mac OS X 10.15; rv:70.0) Gecko/20100101 Firefox/70.0"
172.18.0.1 - - [04/Dec/2019:20:54:47 +0000] "GET /assets/2997dfb9/yii.activeForm.js HTTP/1.1" 304 0 "http://localhost/site/newscan" "Mozilla/5.0 (Macintosh; Intel Mac OS X 10.15; rv:70.0) Gecko/20100101 Firefox/70.0"
172.18.0.1 - - [04/Dec/2019:20:54:47 +0000] "GET /assets/2997dfb9/yii.captcha.js HTTP/1.1" 304 0 "http://localhost/site/newscan" "Mozilla/5.0 (Macintosh; Intel Mac OS X 10.15; rv:70.0) Gecko/20100101 Firefox/70.0"
172.18.0.1 - - [04/Dec/2019:20:54:47 +0000] "GET /assets/f5c71a71/js/bootstrap.js HTTP/1.1" 304 0 "http://localhost/site/newscan" "Mozilla/5.0 (Macintosh; Intel Mac OS X 10.15; rv:70.0) Gecko/20100101 Firefox/70.0"
172.18.0.1 - - [04/Dec/2019:20:54:47 +0000] "GET /assets/f5c71a71/css/bootstrap.css HTTP/1.1" 304 0 "http://localhost/site/newscan" "Mozilla/5.0 (Macintosh; Intel Mac OS X 10.15; rv:70.0) Gecko/20100101 Firefox/70.0"
172.18.0.1 - - [04/Dec/2019:20:54:47 +0000] "GET /css/buttons.css HTTP/1.1" 304 0 "http://localhost/site/newscan" "Mozilla/5.0 (Macintosh; Intel Mac OS X 10.15; rv:70.0) Gecko/20100101 Firefox/70.0"
172.18.0.1 - - [04/Dec/2019:20:54:47 +0000] "GET /css/site.css HTTP/1.1" 304 0 "http://localhost/site/newscan" "Mozilla/5.0 (Macintosh; Intel Mac OS X 10.15; rv:70.0) Gecko/20100101 Firefox/70.0"
172.18.0.1 - - [04/Dec/2019:20:54:47 +0000] "GET /site/newscan HTTP/1.1" 200 83211 "http://localhost/site/profile" "Mozilla/5.0 (Macintosh; Intel Mac OS X 10.15; rv:70.0) Gecko/20100101 Firefox/70.0"
172.18.0.1 - - [04/Dec/2019:20:54:47 +0000] "GET /site/captcha?v=5de81d16e9f1f7.14306906 HTTP/1.1" 200 2713 "http://localhost/site/newscan" "Mozilla/5.0 (Macintosh; Intel Mac OS X 10.15; rv:70.0) Gecko/20100101 Firefox/70.0"
172.18.0.1 - - [04/Dec/2019:20:54:47 +0000] "GET /debug/default/toolbar?tag=5de81d16ac89a HTTP/1.1" 200 7798 "http://localhost/site/newscan" "Mozilla/5.0 (Macintosh; Intel Mac OS X 10.15; rv:70.0) Gecko/20100101 Firefox/70.0"
172.18.0.1 - - [04/Dec/2019:20:54:47 +0000] "GET /favicon.ico HTTP/1.1" 200 318 "-" "Mozilla/5.0 (Macintosh; Intel Mac OS X 10.15; rv:70.0) Gecko/20100101 Firefox/70.0"
172.18.0.1 - - [04/Dec/2019:20:54:58 +0000] "POST /site/newscan HTTP/1.1" 302 5 "http://localhost/site/newscan" "Mozilla/5.0 (Macintosh; Intel Mac OS X 10.15; rv:70.0) Gecko/20100101 Firefox/70.0"
172.18.0.1 - - [04/Dec/2019:20:54:58 +0000] "GET /site/profile HTTP/1.1" 200 38962 "http://localhost/site/newscan" "Mozilla/5.0 (Macintosh; Intel Mac OS X 10.15; rv:70.0) Gecko/20100101 Firefox/70.0"
172.18.0.1 - - [04/Dec/2019:20:54:58 +0000] "GET /debug/default/toolbar?tag=5de81d225bba5 HTTP/1.1" 200 7800 "http://localhost/site/profile" "Mozilla/5.0 (Macintosh; Intel Mac OS X 10.15; rv:70.0) Gecko/20100101 Firefox/70.0"
172.18.0.1 - - [04/Dec/2019:20:55:01 +0000] "POST /scan/delete HTTP/1.1" 200 11 "http://localhost/site/profile" "Mozilla/5.0 (Macintosh; Intel Mac OS X 10.15; rv:70.0) Gecko/20100101 Firefox/70.0"
172.18.0.3 - - [04/Dec/2019:20:55:02 +0000] "POST /verify/active HTTP/1.1" 200 11 "-" "curl --insecure /7.61.1"
172.18.0.3 - - [04/Dec/2019:20:55:02 +0000] "POST /verify/queue HTTP/1.1" 200 5 "-" "curl --insecure /7.61.1"
172.18.0.3 - - [04/Dec/2019:20:56:01 +0000] "POST /verify/queue HTTP/1.1" 200 5 "-" "curl --insecure /7.61.1"
172.18.0.3 - - [04/Dec/2019:20:56:01 +0000] "POST /verify/active HTTP/1.1" 200 11 "-" "curl --insecure /7.61.1"
172.18.0.3 - - [04/Dec/2019:20:57:01 +0000] "POST /verify/queue HTTP/1.1" 200 5 "-" "curl --insecure /7.61.1"
172.18.0.3 - - [04/Dec/2019:20:57:01 +0000] "POST /verify/active HTTP/1.1" 200 11 "-" "curl --insecure /7.61.1"
172.18.0.1 - - [04/Dec/2019:20:57:05 +0000] "GET /site/profile HTTP/1.1" 200 37056 "http://localhost/site/profile" "Mozilla/5.0 (Macintosh; Intel Mac OS X 10.15; rv:70.0) Gecko/20100101 Firefox/70.0"
172.18.0.1 - - [04/Dec/2019:20:57:05 +0000] "GET /debug/default/toolbar?tag=5de81da1a53e1 HTTP/1.1" 200 7800 "http://localhost/site/profile" "Mozilla/5.0 (Macintosh; Intel Mac OS X 10.15; rv:70.0) Gecko/20100101 Firefox/70.0"
172.18.0.1 - - [04/Dec/2019:20:57:32 +0000] "GET /debug/default/view?panel=log&tag=5de81da1a53e1 HTTP/1.1" 200 28219 "http://localhost/site/profile" "Mozilla/5.0 (Macintosh; Intel Mac OS X 10.15; rv:70.0) Gecko/20100101 Firefox/70.0"
172.18.0.1 - - [04/Dec/2019:20:57:34 +0000] "GET /debug/default/index HTTP/1.1" 200 28247 "http://localhost/debug/default/view?panel=log&tag=5de81da1a53e1" "Mozilla/5.0 (Macintosh; Intel Mac OS X 10.15; rv:70.0) Gecko/20100101 Firefox/70.0"
172.18.0.3 - - [04/Dec/2019:20:58:01 +0000] "POST /verify/active HTTP/1.1" 200 11 "-" "curl --insecure /7.61.1"
172.18.0.3 - - [04/Dec/2019:20:58:01 +0000] "POST /verify/queue HTTP/1.1" 200 5 "-" "curl --insecure /7.61.1"
172.18.0.3 - - [04/Dec/2019:20:59:01 +0000] "POST /verify/active HTTP/1.1" 200 11 "-" "curl --insecure /7.61.1"
172.18.0.3 - - [04/Dec/2019:20:59:01 +0000] "POST /verify/queue HTTP/1.1" 200 5 "-" "curl --insecure /7.61.1"
172.18.0.1 - - [04/Dec/2019:20:59:20 +0000] "GET /site/profile HTTP/1.1" 200 37056 "http://localhost/site/profile" "Mozilla/5.0 (Macintosh; Intel Mac OS X 10.15; rv:70.0) Gecko/20100101 Firefox/70.0"
172.18.0.1 - - [04/Dec/2019:20:59:20 +0000] "GET /debug/default/toolbar?tag=5de81e27d24fc HTTP/1.1" 200 7800 "http://localhost/site/profile" "Mozilla/5.0 (Macintosh; Intel Mac OS X 10.15; rv:70.0) Gecko/20100101 Firefox/70.0"
172.18.0.1 - - [04/Dec/2019:20:59:23 +0000] "GET /debug/default/view?panel=log&tag=5de81e27d24fc HTTP/1.1" 200 28200 "http://localhost/site/profile" "Mozilla/5.0 (Macintosh; Intel Mac OS X 10.15; rv:70.0) Gecko/20100101 Firefox/70.0"
172.18.0.1 - - [04/Dec/2019:20:59:25 +0000] "GET /debug/default/index HTTP/1.1" 200 28243 "http://localhost/debug/default/view?panel=log&tag=5de81e27d24fc" "Mozilla/5.0 (Macintosh; Intel Mac OS X 10.15; rv:70.0) Gecko/20100101 Firefox/70.0"
172.18.0.1 - - [04/Dec/2019:20:59:25 +0000] "GET /assets/791d2592/css/main.css HTTP/1.1" 200 117996 "http://localhost/debug/default/index" "Mozilla/5.0 (Macintosh; Intel Mac OS X 10.15; rv:70.0) Gecko/20100101 Firefox/70.0"
172.18.0.1 - - [04/Dec/2019:20:59:25 +0000] "GET /assets/791d2592/css/toolbar.css HTTP/1.1" 200 8689 "http://localhost/debug/default/index" "Mozilla/5.0 (Macintosh; Intel Mac OS X 10.15; rv:70.0) Gecko/20100101 Firefox/70.0"
172.18.0.3 - - [04/Dec/2019:21:00:01 +0000] "POST /verify/queue HTTP/1.1" 200 5 "-" "curl --insecure /7.61.1"
172.18.0.3 - - [04/Dec/2019:21:00:01 +0000] "POST /verify/active HTTP/1.1" 200 11 "-" "curl --insecure /7.61.1"
172.18.0.3 - - [04/Dec/2019:21:00:01 +0000] "POST /passive/index HTTP/1.1" 200 11 "-" "curl --insecure /7.61.1"
172.18.0.1 - - [04/Dec/2019:21:00:43 +0000] "GET /debug/default/view?panel=log&tag=5de81e27d24fc HTTP/1.1" 200 28197 "http://localhost/site/profile" "Mozilla/5.0 (Macintosh; Intel Mac OS X 10.15; rv:70.0) Gecko/20100101 Firefox/70.0"
172.18.0.1 - - [04/Dec/2019:21:00:46 +0000] "GET /debug/default/index HTTP/1.1" 200 27869 "http://localhost/debug/default/view?panel=log&tag=5de81e27d24fc" "Mozilla/5.0 (Macintosh; Intel Mac OS X 10.15; rv:70.0) Gecko/20100101 Firefox/70.0"
172.18.0.1 - - [04/Dec/2019:21:00:55 +0000] "GET /site/profile HTTP/1.1" 200 37056 "http://localhost/site/profile" "Mozilla/5.0 (Macintosh; Intel Mac OS X 10.15; rv:70.0) Gecko/20100101 Firefox/70.0"
172.18.0.1 - - [04/Dec/2019:21:00:55 +0000] "GET /debug/default/toolbar?tag=5de81e872e4f0 HTTP/1.1" 200 7800 "http://localhost/site/profile" "Mozilla/5.0 (Macintosh; Intel Mac OS X 10.15; rv:70.0) Gecko/20100101 Firefox/70.0"
172.18.0.3 - - [04/Dec/2019:21:01:02 +0000] "POST /verify/queue HTTP/1.1" 200 5 "-" "curl --insecure /7.61.1"
172.18.0.3 - - [04/Dec/2019:21:01:02 +0000] "POST /verify/active HTTP/1.1" 200 11 "-" "curl --insecure /7.61.1"
172.18.0.1 - - [04/Dec/2019:21:01:49 +0000] "GET /site/profile HTTP/1.1" 200 37056 "http://localhost/site/profile" "Mozilla/5.0 (Macintosh; Intel Mac OS X 10.15; rv:70.0) Gecko/20100101 Firefox/70.0"
172.18.0.1 - - [04/Dec/2019:21:01:49 +0000] "GET /debug/default/toolbar?tag=5de81ebd62e0b HTTP/1.1" 200 7800 "http://localhost/site/profile" "Mozilla/5.0 (Macintosh; Intel Mac OS X 10.15; rv:70.0) Gecko/20100101 Firefox/70.0"
172.18.0.1 - - [04/Dec/2019:21:01:49 +0000] "GET /favicon.ico HTTP/1.1" 200 318 "-" "Mozilla/5.0 (Macintosh; Intel Mac OS X 10.15; rv:70.0) Gecko/20100101 Firefox/70.0"
172.18.0.1 - - [04/Dec/2019:21:01:51 +0000] "GET /debug/default/view?panel=log&tag=5de81ebd62e0b HTTP/1.1" 200 28205 "http://localhost/site/profile" "Mozilla/5.0 (Macintosh; Intel Mac OS X 10.15; rv:70.0) Gecko/20100101 Firefox/70.0"
172.18.0.1 - - [04/Dec/2019:21:01:53 +0000] "GET /debug/default/index HTTP/1.1" 200 28249 "http://localhost/debug/default/view?panel=log&tag=5de81ebd62e0b" "Mozilla/5.0 (Macintosh; Intel Mac OS X 10.15; rv:70.0) Gecko/20100101 Firefox/70.0"
172.18.0.3 - - [04/Dec/2019:21:02:01 +0000] "POST /verify/active HTTP/1.1" 200 11 "-" "curl --insecure /7.61.1"
172.18.0.3 - - [04/Dec/2019:21:02:01 +0000] "POST /verify/queue HTTP/1.1" 200 5 "-" "curl --insecure /7.61.1"
172.18.0.3 - - [04/Dec/2019:21:03:01 +0000] "POST /verify/queue HTTP/1.1" 200 5 "-" "curl --insecure /7.61.1"
172.18.0.3 - - [04/Dec/2019:21:03:01 +0000] "POST /verify/active HTTP/1.1" 200 11 "-" "curl --insecure /7.61.1"
172.18.0.1 - - [04/Dec/2019:21:03:06 +0000] "GET /assets/f5c71a71/css/bootstrap.css.map HTTP/1.1" 200 390887 "-" "Mozilla/5.0 (Macintosh; Intel Mac OS X 10.15; rv:70.0) Gecko/20100101 Firefox/70.0"
172.18.0.3 - - [04/Dec/2019:21:04:01 +0000] "POST /verify/queue HTTP/1.1" 200 5 "-" "curl --insecure /7.61.1"
172.18.0.3 - - [04/Dec/2019:21:04:01 +0000] "POST /verify/active HTTP/1.1" 200 11 "-" "curl --insecure /7.61.1"
172.18.0.1 - - [04/Dec/2019:21:04:49 +0000] "GET /site/profile HTTP/1.1" 200 37056 "http://localhost/site/profile" "Mozilla/5.0 (Macintosh; Intel Mac OS X 10.15; rv:70.0) Gecko/20100101 Firefox/70.0"
172.18.0.1 - - [04/Dec/2019:21:04:49 +0000] "GET /debug/default/toolbar?tag=5de81f70ecfeb HTTP/1.1" 200 7800 "http://localhost/site/profile" "Mozilla/5.0 (Macintosh; Intel Mac OS X 10.15; rv:70.0) Gecko/20100101 Firefox/70.0"
172.18.0.1 - - [04/Dec/2019:21:04:50 +0000] "GET /debug/default/view?panel=log&tag=5de81f70ecfeb HTTP/1.1" 200 28195 "http://localhost/site/profile" "Mozilla/5.0 (Macintosh; Intel Mac OS X 10.15; rv:70.0) Gecko/20100101 Firefox/70.0"
172.18.0.1 - - [04/Dec/2019:21:04:53 +0000] "GET /debug/default/index HTTP/1.1" 200 28252 "http://localhost/debug/default/view?panel=log&tag=5de81f70ecfeb" "Mozilla/5.0 (Macintosh; Intel Mac OS X 10.15; rv:70.0) Gecko/20100101 Firefox/70.0"
172.18.0.3 - - [04/Dec/2019:21:05:01 +0000] "POST /verify/queue HTTP/1.1" 200 5 "-" "curl --insecure /7.61.1"
172.18.0.3 - - [04/Dec/2019:21:05:01 +0000] "POST /verify/active HTTP/1.1" 200 11 "-" "curl --insecure /7.61.1"
172.18.0.1 - - [04/Dec/2019:21:05:33 +0000] "GET /site/newscan HTTP/1.1" 200 83211 "http://localhost/site/profile" "Mozilla/5.0 (Macintosh; Intel Mac OS X 10.15; rv:70.0) Gecko/20100101 Firefox/70.0"
172.18.0.1 - - [04/Dec/2019:21:05:33 +0000] "GET /js/newscan.js HTTP/1.1" 200 440 "http://localhost/site/newscan" "Mozilla/5.0 (Macintosh; Intel Mac OS X 10.15; rv:70.0) Gecko/20100101 Firefox/70.0"
172.18.0.1 - - [04/Dec/2019:21:05:33 +0000] "GET /debug/default/toolbar?tag=5de81f9d3184a HTTP/1.1" 200 7796 "http://localhost/site/newscan" "Mozilla/5.0 (Macintosh; Intel Mac OS X 10.15; rv:70.0) Gecko/20100101 Firefox/70.0"
172.18.0.1 - - [04/Dec/2019:21:05:33 +0000] "GET /site/captcha?v=5de81f9d488507.21108920 HTTP/1.1" 200 2633 "http://localhost/site/newscan" "Mozilla/5.0 (Macintosh; Intel Mac OS X 10.15; rv:70.0) Gecko/20100101 Firefox/70.0"
172.18.0.1 - - [04/Dec/2019:21:05:42 +0000] "POST /site/newscan HTTP/1.1" 302 5 "http://localhost/site/newscan" "Mozilla/5.0 (Macintosh; Intel Mac OS X 10.15; rv:70.0) Gecko/20100101 Firefox/70.0"
172.18.0.1 - - [04/Dec/2019:21:05:42 +0000] "GET /site/profile HTTP/1.1" 200 38962 "http://localhost/site/newscan" "Mozilla/5.0 (Macintosh; Intel Mac OS X 10.15; rv:70.0) Gecko/20100101 Firefox/70.0"
172.18.0.1 - - [04/Dec/2019:21:05:42 +0000] "GET /debug/default/toolbar?tag=5de81fa69b024 HTTP/1.1" 200 7800 "http://localhost/site/profile" "Mozilla/5.0 (Macintosh; Intel Mac OS X 10.15; rv:70.0) Gecko/20100101 Firefox/70.0"
172.18.0.3 - - [04/Dec/2019:21:06:02 +0000] "POST /verify/queue HTTP/1.1" 200 5 "-" "curl --insecure /7.61.1"
172.18.0.3 - - [04/Dec/2019:21:06:02 +0000] "POST /verify/active HTTP/1.1" 200 11 "-" "curl --insecure /7.61.1"
172.18.0.3 - - [04/Dec/2019:21:07:01 +0000] "POST /verify/queue HTTP/1.1" 200 5 "-" "curl --insecure /7.61.1"
172.18.0.3 - - [04/Dec/2019:21:07:01 +0000] "POST /verify/active HTTP/1.1" 200 11 "-" "curl --insecure /7.61.1"
172.18.0.3 - - [04/Dec/2019:21:08:01 +0000] "POST /verify/queue HTTP/1.1" 200 5 "-" "curl --insecure /7.61.1"
172.18.0.3 - - [04/Dec/2019:21:08:01 +0000] "POST /verify/active HTTP/1.1" 200 11 "-" "curl --insecure /7.61.1"
172.18.0.3 - - [04/Dec/2019:21:09:01 +0000] "POST /verify/queue HTTP/1.1" 200 5 "-" "curl --insecure /7.61.1"
172.18.0.3 - - [04/Dec/2019:21:09:01 +0000] "POST /verify/active HTTP/1.1" 200 11 "-" "curl --insecure /7.61.1"
172.18.0.3 - - [04/Dec/2019:21:10:01 +0000] "POST /verify/active HTTP/1.1" 200 11 "-" "curl --insecure /7.61.1"
172.18.0.3 - - [04/Dec/2019:21:10:01 +0000] "POST /verify/queue HTTP/1.1" 200 5 "-" "curl --insecure /7.61.1"
172.18.0.3 - - [04/Dec/2019:21:10:01 +0000] "POST /passive/index HTTP/1.1" 200 11 "-" "curl --insecure /7.61.1"
172.18.0.3 - - [05/Dec/2019:13:08:02 +0000] "POST /verify/queue HTTP/1.1" 200 5 "-" "curl --insecure /7.61.1"
172.18.0.3 - - [05/Dec/2019:13:08:02 +0000] "POST /verify/active HTTP/1.1" 200 11 "-" "curl --insecure /7.61.1"
172.18.0.3 - - [05/Dec/2019:13:09:01 +0000] "POST /verify/queue HTTP/1.1" 200 5 "-" "curl --insecure /7.61.1"
172.18.0.3 - - [05/Dec/2019:13:09:01 +0000] "POST /verify/active HTTP/1.1" 200 11 "-" "curl --insecure /7.61.1"
172.18.0.3 - - [05/Dec/2019:13:10:01 +0000] "POST /verify/queue HTTP/1.1" 200 5 "-" "curl --insecure /7.61.1"
172.18.0.3 - - [05/Dec/2019:13:10:01 +0000] "POST /passive/index HTTP/1.1" 200 11 "-" "curl --insecure /7.61.1"
172.18.0.3 - - [05/Dec/2019:13:10:01 +0000] "POST /verify/active HTTP/1.1" 200 11 "-" "curl --insecure /7.61.1"
172.18.0.3 - - [05/Dec/2019:13:11:01 +0000] "POST /verify/queue HTTP/1.1" 200 5 "-" "curl --insecure /7.61.1"
172.18.0.3 - - [05/Dec/2019:13:11:01 +0000] "POST /verify/active HTTP/1.1" 200 11 "-" "curl --insecure /7.61.1"
172.18.0.3 - - [05/Dec/2019:13:12:01 +0000] "POST /verify/queue HTTP/1.1" 200 5 "-" "curl --insecure /7.61.1"
172.18.0.3 - - [05/Dec/2019:13:12:01 +0000] "POST /verify/active HTTP/1.1" 200 11 "-" "curl --insecure /7.61.1"
172.18.0.3 - - [05/Dec/2019:13:13:01 +0000] "POST /verify/queue HTTP/1.1" 200 5 "-" "curl --insecure /7.61.1"
172.18.0.3 - - [05/Dec/2019:13:13:01 +0000] "POST /verify/active HTTP/1.1" 200 11 "-" "curl --insecure /7.61.1"
172.18.0.3 - - [05/Dec/2019:13:14:02 +0000] "POST /verify/queue HTTP/1.1" 200 5 "-" "curl --insecure /7.61.1"
172.18.0.3 - - [05/Dec/2019:13:14:02 +0000] "POST /verify/active HTTP/1.1" 200 11 "-" "curl --insecure /7.61.1"
172.18.0.3 - - [05/Dec/2019:13:15:01 +0000] "POST /verify/queue HTTP/1.1" 200 5 "-" "curl --insecure /7.61.1"
172.18.0.3 - - [05/Dec/2019:13:15:01 +0000] "POST /verify/active HTTP/1.1" 200 11 "-" "curl --insecure /7.61.1"
172.18.0.3 - - [05/Dec/2019:13:16:01 +0000] "POST /verify/queue HTTP/1.1" 200 5 "-" "curl --insecure /7.61.1"
172.18.0.3 - - [05/Dec/2019:13:16:01 +0000] "POST /verify/active HTTP/1.1" 200 11 "-" "curl --insecure /7.61.1"
172.18.0.3 - - [05/Dec/2019:13:17:01 +0000] "POST /verify/queue HTTP/1.1" 200 5 "-" "curl --insecure /7.61.1"
172.18.0.3 - - [05/Dec/2019:13:17:01 +0000] "POST /verify/active HTTP/1.1" 200 11 "-" "curl --insecure /7.61.1"
172.18.0.3 - - [05/Dec/2019:13:18:02 +0000] "POST /verify/queue HTTP/1.1" 200 5 "-" "curl --insecure /7.61.1"
172.18.0.3 - - [05/Dec/2019:13:18:02 +0000] "POST /verify/active HTTP/1.1" 200 11 "-" "curl --insecure /7.61.1"
172.18.0.3 - - [05/Dec/2019:13:19:01 +0000] "POST /verify/queue HTTP/1.1" 200 5 "-" "curl --insecure /7.61.1"
172.18.0.3 - - [05/Dec/2019:13:19:01 +0000] "POST /verify/active HTTP/1.1" 200 11 "-" "curl --insecure /7.61.1"
172.18.0.3 - - [05/Dec/2019:13:20:01 +0000] "POST /passive/index HTTP/1.1" 200 11 "-" "curl --insecure /7.61.1"
172.18.0.3 - - [05/Dec/2019:13:20:01 +0000] "POST /verify/queue HTTP/1.1" 200 5 "-" "curl --insecure /7.61.1"
172.18.0.3 - - [05/Dec/2019:13:20:01 +0000] "POST /verify/active HTTP/1.1" 200 11 "-" "curl --insecure /7.61.1"
172.18.0.3 - - [05/Dec/2019:13:21:01 +0000] "POST /verify/active HTTP/1.1" 200 11 "-" "curl --insecure /7.61.1"
172.18.0.3 - - [05/Dec/2019:13:21:01 +0000] "POST /verify/queue HTTP/1.1" 200 5 "-" "curl --insecure /7.61.1"
172.18.0.3 - - [05/Dec/2019:13:22:01 +0000] "POST /verify/queue HTTP/1.1" 200 5 "-" "curl --insecure /7.61.1"
172.18.0.3 - - [05/Dec/2019:13:22:01 +0000] "POST /verify/active HTTP/1.1" 200 11 "-" "curl --insecure /7.61.1"
172.18.0.3 - - [05/Dec/2019:13:23:02 +0000] "POST /verify/queue HTTP/1.1" 200 5 "-" "curl --insecure /7.61.1"
172.18.0.3 - - [05/Dec/2019:13:23:02 +0000] "POST /verify/active HTTP/1.1" 200 11 "-" "curl --insecure /7.61.1"
172.18.0.3 - - [05/Dec/2019:13:24:01 +0000] "POST /verify/queue HTTP/1.1" 200 5 "-" "curl --insecure /7.61.1"
172.18.0.3 - - [05/Dec/2019:13:24:01 +0000] "POST /verify/active HTTP/1.1" 200 11 "-" "curl --insecure /7.61.1"
172.18.0.3 - - [05/Dec/2019:13:25:01 +0000] "POST /verify/queue HTTP/1.1" 200 5 "-" "curl --insecure /7.61.1"
172.18.0.3 - - [05/Dec/2019:13:25:01 +0000] "POST /verify/active HTTP/1.1" 200 11 "-" "curl --insecure /7.61.1"
172.18.0.3 - - [05/Dec/2019:13:26:01 +0000] "POST /verify/queue HTTP/1.1" 200 5 "-" "curl --insecure /7.61.1"
172.18.0.3 - - [05/Dec/2019:13:26:01 +0000] "POST /verify/active HTTP/1.1" 200 11 "-" "curl --insecure /7.61.1"
172.18.0.3 - - [05/Dec/2019:13:27:01 +0000] "POST /verify/queue HTTP/1.1" 200 5 "-" "curl --insecure /7.61.1"
172.18.0.3 - - [05/Dec/2019:13:27:01 +0000] "POST /verify/active HTTP/1.1" 200 11 "-" "curl --insecure /7.61.1"
172.18.0.3 - - [05/Dec/2019:13:28:02 +0000] "POST /verify/queue HTTP/1.1" 200 5 "-" "curl --insecure /7.61.1"
172.18.0.3 - - [05/Dec/2019:13:28:02 +0000] "POST /verify/active HTTP/1.1" 200 11 "-" "curl --insecure /7.61.1"
172.18.0.3 - - [05/Dec/2019:13:29:01 +0000] "POST /verify/queue HTTP/1.1" 200 5 "-" "curl --insecure /7.61.1"
172.18.0.3 - - [05/Dec/2019:13:29:01 +0000] "POST /verify/active HTTP/1.1" 200 11 "-" "curl --insecure /7.61.1"
172.18.0.3 - - [05/Dec/2019:13:30:01 +0000] "POST /verify/queue HTTP/1.1" 200 5 "-" "curl --insecure /7.61.1"
172.18.0.3 - - [05/Dec/2019:13:30:01 +0000] "POST /passive/index HTTP/1.1" 200 11 "-" "curl --insecure /7.61.1"
172.18.0.3 - - [05/Dec/2019:13:30:01 +0000] "POST /verify/active HTTP/1.1" 200 11 "-" "curl --insecure /7.61.1"
172.18.0.3 - - [05/Dec/2019:13:31:01 +0000] "POST /verify/queue HTTP/1.1" 200 5 "-" "curl --insecure /7.61.1"
172.18.0.3 - - [05/Dec/2019:13:31:01 +0000] "POST /verify/active HTTP/1.1" 200 11 "-" "curl --insecure /7.61.1"
172.18.0.3 - - [05/Dec/2019:13:32:01 +0000] "POST /verify/queue HTTP/1.1" 200 5 "-" "curl --insecure /7.61.1"
172.18.0.3 - - [05/Dec/2019:13:32:01 +0000] "POST /verify/active HTTP/1.1" 200 11 "-" "curl --insecure /7.61.1"
172.18.0.3 - - [05/Dec/2019:13:33:01 +0000] "POST /verify/queue HTTP/1.1" 200 5 "-" "curl --insecure /7.61.1"
172.18.0.3 - - [05/Dec/2019:13:33:01 +0000] "POST /verify/active HTTP/1.1" 200 11 "-" "curl --insecure /7.61.1"
172.18.0.3 - - [05/Dec/2019:13:34:02 +0000] "POST /verify/queue HTTP/1.1" 200 5 "-" "curl --insecure /7.61.1"
172.18.0.3 - - [05/Dec/2019:13:34:02 +0000] "POST /verify/active HTTP/1.1" 200 11 "-" "curl --insecure /7.61.1"
172.18.0.1 - - [05/Dec/2019:13:34:10 +0000] "GET /site/profile HTTP/1.1" 200 38695 "http://localhost/site/profile" "Mozilla/5.0 (Macintosh; Intel Mac OS X 10.15; rv:70.0) Gecko/20100101 Firefox/70.0"
172.18.0.1 - - [05/Dec/2019:13:34:10 +0000] "GET /debug/default/toolbar?tag=5de90751d1e19 HTTP/1.1" 200 7800 "http://localhost/site/profile" "Mozilla/5.0 (Macintosh; Intel Mac OS X 10.15; rv:70.0) Gecko/20100101 Firefox/70.0"
172.18.0.1 - - [05/Dec/2019:13:34:10 +0000] "GET /favicon.ico HTTP/1.1" 200 318 "-" "Mozilla/5.0 (Macintosh; Intel Mac OS X 10.15; rv:70.0) Gecko/20100101 Firefox/70.0"
172.18.0.3 - - [05/Dec/2019:13:35:01 +0000] "POST /verify/queue HTTP/1.1" 200 5 "-" "curl --insecure /7.61.1"
172.18.0.3 - - [05/Dec/2019:13:35:01 +0000] "POST /verify/active HTTP/1.1" 200 11 "-" "curl --insecure /7.61.1"
172.18.0.3 - - [05/Dec/2019:13:36:01 +0000] "POST /verify/queue HTTP/1.1" 200 5 "-" "curl --insecure /7.61.1"
172.18.0.3 - - [05/Dec/2019:13:36:01 +0000] "POST /verify/active HTTP/1.1" 200 11 "-" "curl --insecure /7.61.1"
172.18.0.3 - - [05/Dec/2019:13:37:01 +0000] "POST /verify/queue HTTP/1.1" 200 5 "-" "curl --insecure /7.61.1"
172.18.0.3 - - [05/Dec/2019:13:37:01 +0000] "POST /verify/active HTTP/1.1" 200 11 "-" "curl --insecure /7.61.1"
172.18.0.3 - - [05/Dec/2019:13:38:01 +0000] "POST /verify/queue HTTP/1.1" 200 5 "-" "curl --insecure /7.61.1"
172.18.0.3 - - [05/Dec/2019:13:38:01 +0000] "POST /verify/active HTTP/1.1" 200 11 "-" "curl --insecure /7.61.1"
172.18.0.3 - - [05/Dec/2019:13:39:02 +0000] "POST /verify/queue HTTP/1.1" 200 5 "-" "curl --insecure /7.61.1"
172.18.0.3 - - [05/Dec/2019:13:39:02 +0000] "POST /verify/active HTTP/1.1" 200 11 "-" "curl --insecure /7.61.1"
172.18.0.1 - - [05/Dec/2019:13:45:57 +0000] "GET /site/newscan HTTP/1.1" 200 83211 "http://localhost/site/profile" "Mozilla/5.0 (Macintosh; Intel Mac OS X 10.15; rv:70.0) Gecko/20100101 Firefox/70.0"
172.18.0.1 - - [05/Dec/2019:13:45:57 +0000] "GET /site/captcha?v=5de90a158c4f35.52417792 HTTP/1.1" 200 2676 "http://localhost/site/newscan" "Mozilla/5.0 (Macintosh; Intel Mac OS X 10.15; rv:70.0) Gecko/20100101 Firefox/70.0"
172.18.0.1 - - [05/Dec/2019:13:45:57 +0000] "GET /debug/default/toolbar?tag=5de90a154ab7e HTTP/1.1" 200 7802 "http://localhost/site/newscan" "Mozilla/5.0 (Macintosh; Intel Mac OS X 10.15; rv:70.0) Gecko/20100101 Firefox/70.0"
172.18.0.3 - - [05/Dec/2019:13:46:01 +0000] "POST /verify/queue HTTP/1.1" 200 5 "-" "curl --insecure /7.61.1"
172.18.0.3 - - [05/Dec/2019:13:46:01 +0000] "POST /verify/active HTTP/1.1" 200 11 "-" "curl --insecure /7.61.1"
172.18.0.1 - - [05/Dec/2019:13:46:06 +0000] "POST /site/newscan HTTP/1.1" 302 5 "http://localhost/site/newscan" "Mozilla/5.0 (Macintosh; Intel Mac OS X 10.15; rv:70.0) Gecko/20100101 Firefox/70.0"
172.18.0.1 - - [05/Dec/2019:13:46:06 +0000] "GET /site/profile HTTP/1.1" 200 40606 "http://localhost/site/newscan" "Mozilla/5.0 (Macintosh; Intel Mac OS X 10.15; rv:70.0) Gecko/20100101 Firefox/70.0"
172.18.0.1 - - [05/Dec/2019:13:46:06 +0000] "GET /debug/default/toolbar?tag=5de90a1e8f27c HTTP/1.1" 200 7800 "http://localhost/site/profile" "Mozilla/5.0 (Macintosh; Intel Mac OS X 10.15; rv:70.0) Gecko/20100101 Firefox/70.0"
172.18.0.3 - - [05/Dec/2019:13:47:02 +0000] "POST /verify/queue HTTP/1.1" 200 5 "-" "curl --insecure /7.61.1"
172.18.0.3 - - [05/Dec/2019:13:47:02 +0000] "POST /verify/active HTTP/1.1" 200 11 "-" "curl --insecure /7.61.1"
172.18.0.1 - - [05/Dec/2019:13:47:45 +0000] "GET /site/profile HTTP/1.1" 200 40332 "http://localhost/site/profile" "Mozilla/5.0 (Macintosh; Intel Mac OS X 10.15; rv:70.0) Gecko/20100101 Firefox/70.0"
172.18.0.1 - - [05/Dec/2019:13:47:45 +0000] "GET /debug/default/toolbar?tag=5de90a81576c2 HTTP/1.1" 200 7800 "http://localhost/site/profile" "Mozilla/5.0 (Macintosh; Intel Mac OS X 10.15; rv:70.0) Gecko/20100101 Firefox/70.0"
172.18.0.3 - - [05/Dec/2019:13:48:01 +0000] "POST /verify/queue HTTP/1.1" 200 5 "-" "curl --insecure /7.61.1"
172.18.0.3 - - [05/Dec/2019:13:48:01 +0000] "POST /verify/active HTTP/1.1" 200 11 "-" "curl --insecure /7.61.1"
172.18.0.3 - - [05/Dec/2019:13:49:01 +0000] "POST /verify/queue HTTP/1.1" 200 5 "-" "curl --insecure /7.61.1"
172.18.0.3 - - [05/Dec/2019:13:49:01 +0000] "POST /verify/active HTTP/1.1" 200 11 "-" "curl --insecure /7.61.1"
172.18.0.3 - - [05/Dec/2019:13:50:01 +0000] "POST /passive/index HTTP/1.1" 200 11 "-" "curl --insecure /7.61.1"
172.18.0.3 - - [05/Dec/2019:13:50:01 +0000] "POST /verify/active HTTP/1.1" 200 11 "-" "curl --insecure /7.61.1"
172.18.0.3 - - [05/Dec/2019:13:50:01 +0000] "POST /verify/queue HTTP/1.1" 200 5 "-" "curl --insecure /7.61.1"
172.18.0.3 - - [05/Dec/2019:13:51:01 +0000] "POST /verify/queue HTTP/1.1" 200 5 "-" "curl --insecure /7.61.1"
172.18.0.3 - - [05/Dec/2019:13:51:01 +0000] "POST /verify/active HTTP/1.1" 200 11 "-" "curl --insecure /7.61.1"
172.18.0.3 - - [05/Dec/2019:13:59:21 +0000] "POST /verify/queue HTTP/1.1" 200 5 "-" "curl --insecure /7.61.1"
172.18.0.3 - - [05/Dec/2019:13:59:21 +0000] "POST /verify/active HTTP/1.1" 200 11 "-" "curl --insecure /7.61.1"
172.18.0.2 - - [14/Dec/2019:20:57:02 +0000] "POST /verify/queue HTTP/1.1" 200 5 "-" "curl --insecure /7.61.1"
172.18.0.2 - - [14/Dec/2019:20:57:02 +0000] "POST /verify/active HTTP/1.1" 200 11 "-" "curl --insecure /7.61.1"
172.18.0.2 - - [14/Dec/2019:20:58:01 +0000] "POST /verify/queue HTTP/1.1" 200 5 "-" "curl --insecure /7.61.1"
172.18.0.2 - - [14/Dec/2019:20:58:01 +0000] "POST /verify/active HTTP/1.1" 200 11 "-" "curl --insecure /7.61.1"
172.18.0.2 - - [14/Dec/2019:20:59:02 +0000] "POST /verify/queue HTTP/1.1" 200 5 "-" "curl --insecure /7.61.1"
172.18.0.2 - - [14/Dec/2019:20:59:02 +0000] "POST /verify/active HTTP/1.1" 200 11 "-" "curl --insecure /7.61.1"
172.18.0.2 - - [14/Dec/2019:21:00:01 +0000] "POST /verify/queue HTTP/1.1" 200 5 "-" "curl --insecure /7.61.1"
172.18.0.2 - - [14/Dec/2019:21:00:01 +0000] "POST /verify/active HTTP/1.1" 200 11 "-" "curl --insecure /7.61.1"
172.18.0.2 - - [14/Dec/2019:21:00:01 +0000] "POST /passive/index HTTP/1.1" 200 11 "-" "curl --insecure /7.61.1"
172.18.0.2 - - [14/Dec/2019:21:01:01 +0000] "POST /verify/queue HTTP/1.1" 200 5 "-" "curl --insecure /7.61.1"
172.18.0.2 - - [14/Dec/2019:21:01:01 +0000] "POST /verify/active HTTP/1.1" 200 11 "-" "curl --insecure /7.61.1"
172.18.0.2 - - [14/Dec/2019:21:02:01 +0000] "POST /verify/queue HTTP/1.1" 200 5 "-" "curl --insecure /7.61.1"
